2026-09-10 17:39:02 INFO: Warehouse initialization | grid=5x10, physical=14x15, num_skus=500, num_robots=5, num_ws=3
2026-09-10 17:39:02 INFO: Warehouse initialized | 50 pods  (average number of skus per pod = 30.00), 3 workstations, 5 robots
2026-09-10 17:39:02 INFO: [OptManager] Building time-space network ...
2026-09-10 17:39:02 INFO: [OptManager] Network ready: 2650 nodes, 14602 travelling arcs, 2597 idle arcs.
2026-09-10 17:39:02 INFO: 
=============================================
2026-09-10 17:39:02 INFO:   START SIMULATION  {TIME HORIZON = 00:00:02}
2026-09-10 17:39:02 DEBUG:    EVENT NUM 1     current_time = 00:00:00   ARRIVAL_ORDER         [queue size = 1]
2026-09-10 17:39:02 DEBUG: Order 0 arrived: items_required = [160, 256].     [orders_in_system = 1]
2026-09-10 17:39:02 DEBUG: Order 1 arrived: items_required = [260, 348].     [orders_in_system = 2]
2026-09-10 17:39:02 DEBUG: Order 2 arrived: items_required = [157].     [orders_in_system = 3]
2026-09-10 17:39:02 DEBUG: Order 3 arrived: items_required = [211, 234].     [orders_in_system = 4]
2026-09-10 17:39:02 DEBUG: Order 4 arrived: items_required = [37].     [orders_in_system = 5]
2026-09-10 17:39:02 DEBUG: Order 5 arrived: items_required = [150].     [orders_in_system = 6]
2026-09-10 17:39:02 DEBUG: Order 6 arrived: items_required = [253, 98].     [orders_in_system = 7]
2026-09-10 17:39:02 DEBUG: Order 7 arrived: items_required = [304, 208].     [orders_in_system = 8]
2026-09-10 17:39:02 DEBUG: Order 8 arrived: items_required = [218].     [orders_in_system = 9]
2026-09-10 17:39:02 DEBUG: Order 9 arrived: items_required = [197].     [orders_in_system = 10]
2026-09-10 17:39:02 DEBUG: Order 10 arrived: items_required = [223].     [orders_in_system = 11]
2026-09-10 17:39:02 DEBUG: Order 11 arrived: items_required = [278, 332].     [orders_in_system = 12]
2026-09-10 17:39:02 DEBUG: Order 12 arrived: items_required = [415, 179, 330, 256].     [orders_in_system = 13]
2026-09-10 17:39:02 DEBUG: Order 13 arrived: items_required = [275].     [orders_in_system = 14]
2026-09-10 17:39:02 DEBUG: Order 14 arrived: items_required = [80, 451].     [orders_in_system = 15]
2026-09-10 17:39:02 DEBUG: Order 15 arrived: items_required = [276].     [orders_in_system = 16]
2026-09-10 17:39:02 DEBUG: Order 16 arrived: items_required = [223].     [orders_in_system = 17]
2026-09-10 17:39:02 DEBUG: Order 17 arrived: items_required = [334].     [orders_in_system = 18]
2026-09-10 17:39:02 DEBUG: Order 18 arrived: items_required = [375].     [orders_in_system = 19]
2026-09-10 17:39:02 DEBUG: Order 19 arrived: items_required = [250].     [orders_in_system = 20]
2026-09-10 17:39:02 DEBUG: Order 20 arrived: items_required = [211].     [orders_in_system = 21]
2026-09-10 17:39:02 DEBUG: Order 21 arrived: items_required = [206].     [orders_in_system = 22]
2026-09-10 17:39:02 DEBUG: Order 22 arrived: items_required = [285].     [orders_in_system = 23]
2026-09-10 17:39:02 DEBUG: Order 23 arrived: items_required = [350, 265, 310, 213, 313].     [orders_in_system = 24]
2026-09-10 17:39:02 DEBUG: Order 24 arrived: items_required = [406].     [orders_in_system = 25]
2026-09-10 17:39:02 DEBUG: Order 25 arrived: items_required = [255, 255, 204].     [orders_in_system = 26]
2026-09-10 17:39:02 DEBUG: Order 26 arrived: items_required = [194].     [orders_in_system = 27]
2026-09-10 17:39:02 DEBUG: Order 27 arrived: items_required = [324, 243, 349].     [orders_in_system = 28]
2026-09-10 17:39:02 DEBUG: Order 28 arrived: items_required = [246, 215, 364].     [orders_in_system = 29]
2026-09-10 17:39:02 DEBUG: Order 29 arrived: items_required = [410, 221, 147].     [orders_in_system = 30]
2026-09-10 17:39:02 DEBUG: Order 30 arrived: items_required = [251, 351].     [orders_in_system = 31]
2026-09-10 17:39:02 DEBUG: Order 31 arrived: items_required = [324, 195].     [orders_in_system = 32]
2026-09-10 17:39:02 DEBUG: Order 32 arrived: items_required = [202, 401, 240, 260, 244].     [orders_in_system = 33]
2026-09-10 17:39:02 DEBUG: Order 33 arrived: items_required = [276, 228].     [orders_in_system = 34]
2026-09-10 17:39:02 DEBUG: Order 34 arrived: items_required = [418].     [orders_in_system = 35]
2026-09-10 17:39:02 DEBUG: Order 35 arrived: items_required = [274, 317].     [orders_in_system = 36]
2026-09-10 17:39:02 DEBUG: Order 36 arrived: items_required = [356, 232].     [orders_in_system = 37]
2026-09-10 17:39:02 DEBUG: Order 37 arrived: items_required = [292].     [orders_in_system = 38]
2026-09-10 17:39:02 DEBUG: Order 38 arrived: items_required = [150].     [orders_in_system = 39]
2026-09-10 17:39:02 DEBUG: Order 39 arrived: items_required = [339, 241].     [orders_in_system = 40]
2026-09-10 17:39:02 DEBUG: Order 40 arrived: items_required = [119].     [orders_in_system = 41]
2026-09-10 17:39:02 DEBUG: Order 41 arrived: items_required = [342].     [orders_in_system = 42]
2026-09-10 17:39:02 DEBUG: Order 42 arrived: items_required = [187, 204, 293].     [orders_in_system = 43]
2026-09-10 17:39:02 DEBUG: Order 43 arrived: items_required = [400].     [orders_in_system = 44]
2026-09-10 17:39:02 DEBUG: Order 44 arrived: items_required = [270].     [orders_in_system = 45]
2026-09-10 17:39:02 DEBUG: Order 45 arrived: items_required = [165, 269].     [orders_in_system = 46]
2026-09-10 17:39:02 DEBUG: Order 46 arrived: items_required = [376].     [orders_in_system = 47]
2026-09-10 17:39:02 DEBUG: Order 47 arrived: items_required = [337, 211, 270, 209].     [orders_in_system = 48]
2026-09-10 17:39:02 DEBUG: Order 48 arrived: items_required = [188, 315].     [orders_in_system = 49]
2026-09-10 17:39:02 DEBUG: Order 49 arrived: items_required = [192, 195, 293, 258, 167].     [orders_in_system = 50]
2026-09-10 17:39:02 DEBUG:    EVENT NUM 2     current_time = 00:00:01   RUN_OPTIMIZER         [queue size = 1]
2026-09-10 17:39:02 INFO: [benchmark] instance size: 50 orders, 92 item-order pairs, 50 pods, 3 workstations, 17199 arcs, T=50
2026-09-10 17:39:02 INFO: [benchmark] Building stage-1 model ...
2026-09-10 17:39:02 INFO: [benchmark] Stage-1 built in 0.03 s. Solving ...
