2026-09-10 16:56:29 INFO: Warehouse initialization | grid=5x10, physical=14x15, num_skus=500, num_robots=5, num_ws=3
2026-09-10 16:56:29 INFO: Warehouse initialized | 50 pods  (average number of skus per pod = 30.00), 3 workstations, 5 robots
2026-09-10 16:56:29 INFO: [OptManager] Building time-space network ...
2026-09-10 16:56:29 INFO: [OptManager] Network ready: 2650 nodes, 14602 travelling arcs, 2597 idle arcs.
2026-09-10 16:56:29 INFO: 
=============================================
2026-09-10 16:56:29 INFO:   START SIMULATION  {TIME HORIZON = 00:00:02}
2026-09-10 16:56:29 DEBUG:    EVENT NUM 1     current_time = 00:00:00   ARRIVAL_ORDER         [queue size = 1]
2026-09-10 16:56:29 DEBUG: Order 0 arrived: items_required = [206, 233].     [orders_in_system = 1]
2026-09-10 16:56:29 DEBUG: Order 1 arrived: items_required = [333, 201].     [orders_in_system = 2]
2026-09-10 16:56:29 DEBUG: Order 2 arrived: items_required = [202].     [orders_in_system = 3]
2026-09-10 16:56:29 DEBUG: Order 3 arrived: items_required = [173].     [orders_in_system = 4]
2026-09-10 16:56:29 DEBUG: Order 4 arrived: items_required = [226, 257, 339].     [orders_in_system = 5]
2026-09-10 16:56:29 DEBUG: Order 5 arrived: items_required = [316, 361, 191].     [orders_in_system = 6]
2026-09-10 16:56:29 DEBUG: Order 6 arrived: items_required = [257, 293].     [orders_in_system = 7]
2026-09-10 16:56:29 DEBUG: Order 7 arrived: items_required = [227].     [orders_in_system = 8]
2026-09-10 16:56:29 DEBUG: Order 8 arrived: items_required = [292].     [orders_in_system = 9]
2026-09-10 16:56:29 DEBUG: Order 9 arrived: items_required = [203].     [orders_in_system = 10]
2026-09-10 16:56:29 DEBUG: Order 10 arrived: items_required = [211, 246].     [orders_in_system = 11]
2026-09-10 16:56:29 DEBUG: Order 11 arrived: items_required = [316, 154, 309].     [orders_in_system = 12]
2026-09-10 16:56:29 DEBUG: Order 12 arrived: items_required = [132].     [orders_in_system = 13]
2026-09-10 16:56:29 DEBUG: Order 13 arrived: items_required = [229].     [orders_in_system = 14]
2026-09-10 16:56:29 DEBUG: Order 14 arrived: items_required = [32].     [orders_in_system = 15]
2026-09-10 16:56:29 DEBUG: Order 15 arrived: items_required = [310].     [orders_in_system = 16]
2026-09-10 16:56:29 DEBUG: Order 16 arrived: items_required = [146, 237].     [orders_in_system = 17]
2026-09-10 16:56:29 DEBUG: Order 17 arrived: items_required = [189, 241, 330].     [orders_in_system = 18]
2026-09-10 16:56:29 DEBUG: Order 18 arrived: items_required = [175, 295, 286].     [orders_in_system = 19]
2026-09-10 16:56:29 DEBUG: Order 19 arrived: items_required = [237, 99].     [orders_in_system = 20]
2026-09-10 16:56:29 DEBUG: Order 20 arrived: items_required = [158].     [orders_in_system = 21]
2026-09-10 16:56:29 DEBUG: Order 21 arrived: items_required = [289].     [orders_in_system = 22]
2026-09-10 16:56:29 DEBUG: Order 22 arrived: items_required = [59].     [orders_in_system = 23]
2026-09-10 16:56:29 DEBUG: Order 23 arrived: items_required = [127].     [orders_in_system = 24]
2026-09-10 16:56:29 DEBUG: Order 24 arrived: items_required = [155].     [orders_in_system = 25]
2026-09-10 16:56:29 DEBUG: Order 25 arrived: items_required = [273].     [orders_in_system = 26]
2026-09-10 16:56:29 DEBUG: Order 26 arrived: items_required = [224, 325, 145, 247, 266].     [orders_in_system = 27]
2026-09-10 16:56:29 DEBUG: Order 27 arrived: items_required = [291, 210, 195, 183].     [orders_in_system = 28]
2026-09-10 16:56:29 DEBUG: Order 28 arrived: items_required = [412, 227].     [orders_in_system = 29]
2026-09-10 16:56:29 DEBUG: Order 29 arrived: items_required = [192, 223].     [orders_in_system = 30]
2026-09-10 16:56:29 DEBUG: Order 30 arrived: items_required = [330, 339].     [orders_in_system = 31]
2026-09-10 16:56:29 DEBUG: Order 31 arrived: items_required = [279].     [orders_in_system = 32]
2026-09-10 16:56:29 DEBUG: Order 32 arrived: items_required = [102].     [orders_in_system = 33]
2026-09-10 16:56:29 DEBUG: Order 33 arrived: items_required = [331].     [orders_in_system = 34]
2026-09-10 16:56:29 DEBUG: Order 34 arrived: items_required = [310, 223].     [orders_in_system = 35]
2026-09-10 16:56:29 DEBUG: Order 35 arrived: items_required = [328, 303].     [orders_in_system = 36]
2026-09-10 16:56:29 DEBUG: Order 36 arrived: items_required = [410].     [orders_in_system = 37]
2026-09-10 16:56:29 DEBUG: Order 37 arrived: items_required = [321, 255].     [orders_in_system = 38]
2026-09-10 16:56:29 DEBUG: Order 38 arrived: items_required = [232].     [orders_in_system = 39]
2026-09-10 16:56:29 DEBUG: Order 39 arrived: items_required = [305].     [orders_in_system = 40]
2026-09-10 16:56:29 DEBUG: Order 40 arrived: items_required = [170].     [orders_in_system = 41]
2026-09-10 16:56:29 DEBUG: Order 41 arrived: items_required = [195].     [orders_in_system = 42]
2026-09-10 16:56:29 DEBUG: Order 42 arrived: items_required = [361, 249, 212].     [orders_in_system = 43]
2026-09-10 16:56:29 DEBUG: Order 43 arrived: items_required = [233, 244, 307, 281].     [orders_in_system = 44]
2026-09-10 16:56:29 DEBUG: Order 44 arrived: items_required = [180, 143].     [orders_in_system = 45]
2026-09-10 16:56:29 DEBUG: Order 45 arrived: items_required = [242].     [orders_in_system = 46]
2026-09-10 16:56:29 DEBUG: Order 46 arrived: items_required = [213].     [orders_in_system = 47]
2026-09-10 16:56:29 DEBUG: Order 47 arrived: items_required = [280, 331].     [orders_in_system = 48]
2026-09-10 16:56:29 DEBUG: Order 48 arrived: items_required = [373, 273].     [orders_in_system = 49]
2026-09-10 16:56:29 DEBUG: Order 49 arrived: items_required = [211, 237].     [orders_in_system = 50]
2026-09-10 16:56:29 DEBUG:    EVENT NUM 2     current_time = 00:00:01   RUN_OPTIMIZER         [queue size = 1]
2026-09-10 16:56:29 INFO: Solving stage 1 ... 
2026-09-10 16:56:29 INFO: 
[lns_stage1] start | 50 orders, 50 pods, 3 workstations (50 free to move) | budget 30s
2026-09-10 16:56:29 INFO: [lns_stage1] initial objective 47.7000
2026-09-10 16:56:30 INFO: [lns_stage1] iter 4 | objective 45.9000 | improved by 1.8000 | hole 20 orders | 0s elapsed
2026-09-10 16:56:30 INFO: [lns_stage1] iter 5 | objective 44.6000 | improved by 1.3000 | hole 20 orders | 0s elapsed
2026-09-10 16:56:30 INFO: [lns_stage1] iter 6 | objective 42.7000 | improved by 1.9000 | hole 20 orders | 0s elapsed
2026-09-10 16:56:30 INFO: [lns_stage1] iter 7 | objective 39.8000 | improved by 2.9000 | hole 20 orders | 1s elapsed
2026-09-10 16:56:30 INFO: [lns_stage1] iter 9 | objective 38.1000 | improved by 1.7000 | hole 20 orders | 1s elapsed
2026-09-10 16:56:30 INFO: [lns_stage1] iter 12 | objective 37.0000 | improved by 1.1000 | hole 20 orders | 1s elapsed
2026-09-10 16:56:31 INFO: [lns_stage1] iter 32 | objective 35.9000 | improved by 1.1000 | hole 25 orders | 1s elapsed
2026-09-10 16:56:33 INFO: [lns_stage1] iter 140 | objective 34.9000 | improved by 1.0000 | hole 25 orders | 3s elapsed
2026-09-10 16:56:37 INFO: [lns_stage1] done | 7.3s, 305 iterations | final objective 34.9000 
2026-09-10 16:56:37 INFO: Stage 1 solved.
2026-09-10 16:56:37 INFO: Solving stage 2 ... 
2026-09-10 16:56:37 INFO: 
[lns_stage2] start | 88 item order pairs, 18 pods, 3 workstations, 50 time steps | budget 300s
2026-09-10 16:56:38 INFO: [lns_stage2] initial objective 40.5631
2026-09-10 16:56:38 INFO: [lns_stage2] iter 4 | objective 45.5796 | improved by 5.0165 | hole 6 pods | 2s elapsed
2026-09-10 16:56:39 INFO: [lns_stage2] iter 5 | objective 51.1059 | improved by 5.5263 | hole 6 pods | 2s elapsed
2026-09-10 16:56:42 INFO: [lns_stage2] iter 6 | objective 57.7966 | improved by 6.6907 | hole 6 pods | 5s elapsed
2026-09-10 16:56:43 INFO: [lns_stage2] iter 7 | objective 61.3849 | improved by 3.5883 | hole 6 pods | 6s elapsed
2026-09-10 16:56:44 INFO: [lns_stage2] iter 8 | objective 64.5787 | improved by 3.1938 | hole 6 pods | 8s elapsed
2026-09-10 16:56:45 INFO: [lns_stage2] iter 9 | objective 64.8191 | improved by 0.2404 | hole 6 pods | 9s elapsed
2026-09-10 16:56:46 INFO: [lns_stage2] iter 11 | objective 69.2139 | improved by 4.3948 | hole 6 pods | 10s elapsed
2026-09-10 16:56:49 INFO: [lns_stage2] iter 14 | objective 73.0477 | improved by 3.8338 | hole 6 pods | 12s elapsed
2026-09-10 16:56:50 INFO: [lns_stage2] iter 15 | objective 73.1238 | improved by 0.0761 | hole 6 pods | 13s elapsed
2026-09-10 16:56:52 INFO: [lns_stage2] iter 17 | objective 78.9905 | improved by 5.8667 | hole 6 pods | 15s elapsed
2026-09-10 16:56:54 INFO: [lns_stage2] iter 19 | objective 80.3011 | improved by 1.3106 | hole 6 pods | 17s elapsed
2026-09-10 16:56:55 INFO: [lns_stage2] iter 20 | objective 81.5777 | improved by 1.2766 | hole 6 pods | 18s elapsed
2026-09-10 16:56:59 INFO: [lns_stage2] iter 25 | objective 81.7340 | improved by 0.1563 | hole 8 pods | 22s elapsed
2026-09-10 16:57:06 INFO: [lns_stage2] iter 41 | objective 81.7821 | improved by 0.0481 | hole 8 pods | 29s elapsed
2026-09-10 16:57:08 INFO: [lns_stage2] iter 46 | objective 81.8102 | improved by 0.0281 | hole 5 pods | 31s elapsed
2026-09-10 16:57:13 INFO: [lns_stage2] iter 53 | objective 81.8263 | improved by 0.0161 | hole 7 pods | 37s elapsed
2026-09-10 16:57:16 INFO: [lns_stage2] iter 55 | objective 82.0553 | improved by 0.2290 | hole 7 pods | 39s elapsed
2026-09-10 16:57:21 INFO: [lns_stage2] iter 63 | objective 82.1877 | improved by 0.1324 | hole 6 pods | 45s elapsed
2026-09-10 16:57:27 INFO: [lns_stage2] iter 75 | objective 82.9392 | improved by 0.7515 | hole 7 pods | 51s elapsed
2026-09-10 16:57:34 INFO: [lns_stage2] iter 82 | objective 84.2978 | improved by 1.3586 | hole 6 pods | 57s elapsed
2026-09-10 16:57:40 INFO: [lns_stage2] iter 94 | objective 84.4866 | improved by 0.1888 | hole 7 pods | 63s elapsed
2026-09-10 16:57:50 INFO: [lns_stage2] iter 122 | objective 84.4927 | improved by 0.0061 | hole 5 pods | 73s elapsed
2026-09-10 16:57:54 INFO: [lns_stage2] iter 127 | objective 84.5694 | improved by 0.0767 | hole 10 pods | 78s elapsed
2026-09-10 16:58:08 INFO: [lns_stage2] iter 162 | objective 84.6558 | improved by 0.0864 | hole 9 pods | 91s elapsed
2026-09-10 16:58:53 INFO: [lns_stage2] iter 256 | objective 84.7260 | improved by 0.0702 | hole 5 pods | 136s elapsed
2026-09-10 16:58:56 INFO: [lns_stage2] iter 264 | objective 84.7441 | improved by 0.0181 | hole 4 pods | 139s elapsed
2026-09-10 16:59:08 INFO: [lns_stage2] iter 293 | objective 84.8344 | improved by 0.0903 | hole 7 pods | 151s elapsed
2026-09-10 16:59:13 INFO: [lns_stage2] iter 304 | objective 84.8805 | improved by 0.0461 | hole 8 pods | 156s elapsed
2026-09-10 16:59:14 INFO: [lns_stage2] iter 309 | objective 84.9246 | improved by 0.0441 | hole 5 pods | 158s elapsed
2026-09-10 16:59:18 INFO: [lns_stage2] iter 316 | objective 84.9928 | improved by 0.0682 | hole 7 pods | 161s elapsed
2026-09-10 16:59:21 INFO: [lns_stage2] iter 324 | objective 85.0551 | improved by 0.0623 | hole 6 pods | 164s elapsed
2026-09-10 16:59:41 INFO: [lns_stage2] iter 375 | objective 85.0752 | improved by 0.0201 | hole 5 pods | 185s elapsed
2026-09-10 16:59:53 INFO: [lns_stage2] iter 409 | objective 85.2557 | improved by 0.1805 | hole 7 pods | 197s elapsed
2026-09-10 17:00:47 INFO: [lns_stage2] done | 250.6s, 565 iterations | final objective 85.2557 
2026-09-10 17:00:47 INFO: Stage 2 solved.
2026-09-10 17:00:47 DEBUG: Order 20 will be opened at workstation 0. [opened orders = 0 / 4]
2026-09-10 17:00:47 DEBUG: Order 40 will be opened at workstation 0. [opened orders = 0 / 4]
2026-09-10 17:00:47 DEBUG: Order 42 will be opened at workstation 0. [opened orders = 0 / 4]
2026-09-10 17:00:47 DEBUG: Order 45 will be opened at workstation 0. [opened orders = 0 / 4]
2026-09-10 17:00:47 DEBUG: Order 32 queued at workstation 0. [order_queue len = 1]
2026-09-10 17:00:47 DEBUG: Order 43 queued at workstation 0. [order_queue len = 2]
2026-09-10 17:00:47 DEBUG: Order 46 queued at workstation 0. [order_queue len = 3]
2026-09-10 17:00:47 DEBUG: Order 9 queued at workstation 0. [order_queue len = 4]
2026-09-10 17:00:47 DEBUG: Order 10 queued at workstation 0. [order_queue len = 5]
2026-09-10 17:00:47 DEBUG: Order 44 queued at workstation 0. [order_queue len = 6]
2026-09-10 17:00:47 DEBUG: Order 0 queued at workstation 0. [order_queue len = 7]
2026-09-10 17:00:47 DEBUG: Order 15 queued at workstation 0. [order_queue len = 8]
2026-09-10 17:00:47 DEBUG: Order 24 queued at workstation 0. [order_queue len = 9]
2026-09-10 17:00:47 DEBUG: Order 22 queued at workstation 0. [order_queue len = 10]
2026-09-10 17:00:47 DEBUG: Order 41 queued at workstation 0. [order_queue len = 11]
2026-09-10 17:00:47 DEBUG: Order 11 queued at workstation 0. [order_queue len = 12]
2026-09-10 17:00:47 DEBUG: Order 35 queued at workstation 0. [order_queue len = 13]
2026-09-10 17:00:47 DEBUG: Order 3 will be opened at workstation 1. [opened orders = 0 / 4]
2026-09-10 17:00:47 DEBUG: Order 37 will be opened at workstation 1. [opened orders = 0 / 4]
2026-09-10 17:00:47 DEBUG: Order 48 will be opened at workstation 1. [opened orders = 0 / 4]
2026-09-10 17:00:47 DEBUG: Order 21 will be opened at workstation 1. [opened orders = 0 / 4]
2026-09-10 17:00:47 DEBUG: Order 14 queued at workstation 1. [order_queue len = 1]
2026-09-10 17:00:47 DEBUG: Order 25 queued at workstation 1. [order_queue len = 2]
2026-09-10 17:00:47 DEBUG: Order 13 queued at workstation 1. [order_queue len = 3]
2026-09-10 17:00:47 DEBUG: Order 49 queued at workstation 1. [order_queue len = 4]
2026-09-10 17:00:47 DEBUG: Order 19 queued at workstation 1. [order_queue len = 5]
2026-09-10 17:00:47 DEBUG: Order 27 queued at workstation 1. [order_queue len = 6]
2026-09-10 17:00:47 DEBUG: Order 23 queued at workstation 1. [order_queue len = 7]
2026-09-10 17:00:47 DEBUG: Order 2 queued at workstation 1. [order_queue len = 8]
2026-09-10 17:00:47 DEBUG: Order 39 queued at workstation 1. [order_queue len = 9]
2026-09-10 17:00:47 DEBUG: Order 26 queued at workstation 1. [order_queue len = 10]
2026-09-10 17:00:47 DEBUG: Order 1 will be opened at workstation 2. [opened orders = 0 / 4]
2026-09-10 17:00:47 DEBUG: Order 36 will be opened at workstation 2. [opened orders = 0 / 4]
2026-09-10 17:00:47 DEBUG: Order 28 will be opened at workstation 2. [opened orders = 0 / 4]
2026-09-10 17:00:47 DEBUG: Order 30 will be opened at workstation 2. [opened orders = 0 / 4]
2026-09-10 17:00:47 DEBUG: Order 34 queued at workstation 2. [order_queue len = 1]
2026-09-10 17:00:47 DEBUG: Order 31 queued at workstation 2. [order_queue len = 2]
2026-09-10 17:00:47 DEBUG: Order 38 queued at workstation 2. [order_queue len = 3]
2026-09-10 17:00:47 DEBUG: Order 16 queued at workstation 2. [order_queue len = 4]
2026-09-10 17:00:47 DEBUG: Order 33 queued at workstation 2. [order_queue len = 5]
2026-09-10 17:00:47 DEBUG: Order 47 queued at workstation 2. [order_queue len = 6]
2026-09-10 17:00:47 DEBUG: Order 7 queued at workstation 2. [order_queue len = 7]
2026-09-10 17:00:47 DEBUG: Order 18 queued at workstation 2. [order_queue len = 8]
2026-09-10 17:00:47 DEBUG: Order 6 queued at workstation 2. [order_queue len = 9]
2026-09-10 17:00:47 DEBUG: Order 5 queued at workstation 2. [order_queue len = 10]
2026-09-10 17:00:47 DEBUG: Order 8 queued at workstation 2. [order_queue len = 11]
2026-09-10 17:00:47 DEBUG: Order 12 queued at workstation 2. [order_queue len = 12]
2026-09-10 17:00:47 DEBUG: Order 29 queued at workstation 2. [order_queue len = 13]
2026-09-10 17:00:47 DEBUG: Order 4 queued at workstation 2. [order_queue len = 14]
2026-09-10 17:00:47 DEBUG: Order 17 queued at workstation 2. [order_queue len = 15]
2026-09-10 17:00:47 WARNING: Task designing ended. Optimizer designed 35 tasks.
2026-09-10 17:00:47 DEBUG:    EVENT NUM 3     current_time = 00:00:01   RELEASE_TASK          [queue size = 48]
2026-09-10 17:00:47 DEBUG: Task 0 released: pod 48 required by workstation(s) [2].  [released tasks = 1]
2026-09-10 17:00:47 DEBUG:    EVENT NUM 4     current_time = 00:00:01   OPEN_ORDER            [queue size = 48]
2026-09-10 17:00:47 DEBUG: Order 20 (skus required = {158}) opened at workstation 0.   [open_orders = 1/4]
2026-09-10 17:00:47 DEBUG:    EVENT NUM 5     current_time = 00:00:01   OPEN_ORDER            [queue size = 48]
2026-09-10 17:00:47 DEBUG: Order 40 (skus required = {170}) opened at workstation 0.   [open_orders = 2/4]
2026-09-10 17:00:47 DEBUG:    EVENT NUM 6     current_time = 00:00:01   OPEN_ORDER            [queue size = 48]
2026-09-10 17:00:47 DEBUG: Order 42 (skus required = {361, 212, 249}) opened at workstation 0.   [open_orders = 3/4]
2026-09-10 17:00:47 DEBUG:    EVENT NUM 7     current_time = 00:00:01   OPEN_ORDER            [queue size = 48]
2026-09-10 17:00:47 DEBUG: Order 45 (skus required = {242}) opened at workstation 0.   [open_orders = 4/4]
2026-09-10 17:00:47 DEBUG:    EVENT NUM 8     current_time = 00:00:01   OPEN_ORDER            [queue size = 48]
2026-09-10 17:00:47 DEBUG: Order 3 (skus required = {173}) opened at workstation 1.   [open_orders = 1/4]
2026-09-10 17:00:47 DEBUG:    EVENT NUM 9     current_time = 00:00:01   OPEN_ORDER            [queue size = 48]
2026-09-10 17:00:47 DEBUG: Order 37 (skus required = {321, 255}) opened at workstation 1.   [open_orders = 2/4]
2026-09-10 17:00:47 DEBUG:    EVENT NUM 10    current_time = 00:00:01   OPEN_ORDER            [queue size = 48]
2026-09-10 17:00:47 DEBUG: Order 48 (skus required = {273, 373}) opened at workstation 1.   [open_orders = 3/4]
2026-09-10 17:00:47 DEBUG:    EVENT NUM 11    current_time = 00:00:01   OPEN_ORDER            [queue size = 48]
2026-09-10 17:00:47 DEBUG: Order 21 (skus required = {289}) opened at workstation 1.   [open_orders = 4/4]
2026-09-10 17:00:47 DEBUG:    EVENT NUM 12    current_time = 00:00:01   OPEN_ORDER            [queue size = 48]
2026-09-10 17:00:47 DEBUG: Order 1 (skus required = {201, 333}) opened at workstation 2.   [open_orders = 1/4]
2026-09-10 17:00:47 DEBUG:    EVENT NUM 13    current_time = 00:00:01   OPEN_ORDER            [queue size = 48]
2026-09-10 17:00:47 DEBUG: Order 36 (skus required = {410}) opened at workstation 2.   [open_orders = 2/4]
2026-09-10 17:00:47 DEBUG:    EVENT NUM 14    current_time = 00:00:01   OPEN_ORDER            [queue size = 48]
2026-09-10 17:00:47 DEBUG: Order 28 (skus required = {227, 412}) opened at workstation 2.   [open_orders = 3/4]
2026-09-10 17:00:47 DEBUG:    EVENT NUM 15    current_time = 00:00:01   OPEN_ORDER            [queue size = 48]
2026-09-10 17:00:47 DEBUG: Order 30 (skus required = {330, 339}) opened at workstation 2.   [open_orders = 4/4]
2026-09-10 17:00:47 DEBUG:    EVENT NUM 16    current_time = 00:00:01   START_TASK            [queue size = 48]
2026-09-10 17:00:47 DEBUG: Task 0 selected (pod 48) at depth 0 (0 non-servable, 0 pod-busy skipped before it)
2026-09-10 17:00:47 DEBUG: Task 0 started: robot 2 -> pod 48 -> workstation 2 for orders {1, 36} (arrival = 21.1 s).   [idle robots = 4/5]
2026-09-10 17:00:47 DEBUG:    EVENT NUM 17    current_time = 00:00:01   START_TASK            [queue size = 48]
2026-09-10 17:00:47 DEBUG: No released tasks.
2026-09-10 17:00:47 DEBUG:    EVENT NUM 18    current_time = 00:00:01   START_TASK            [queue size = 47]
2026-09-10 17:00:47 DEBUG: No released tasks.
2026-09-10 17:00:47 DEBUG:    EVENT NUM 19    current_time = 00:00:01   START_TASK            [queue size = 46]
2026-09-10 17:00:47 DEBUG: No released tasks.
2026-09-10 17:00:47 DEBUG:    EVENT NUM 20    current_time = 00:00:01   START_TASK            [queue size = 45]
2026-09-10 17:00:47 DEBUG: No released tasks.
2026-09-10 17:00:47 DEBUG:    EVENT NUM 21    current_time = 00:00:01   START_TASK            [queue size = 44]
2026-09-10 17:00:47 DEBUG: No released tasks.
2026-09-10 17:00:47 DEBUG:    EVENT NUM 22    current_time = 00:00:01   START_TASK            [queue size = 43]
2026-09-10 17:00:47 DEBUG: No released tasks.
2026-09-10 17:00:47 DEBUG:    EVENT NUM 23    current_time = 00:00:01   START_TASK            [queue size = 42]
2026-09-10 17:00:47 DEBUG: No released tasks.
2026-09-10 17:00:47 DEBUG:    EVENT NUM 24    current_time = 00:00:01   START_TASK            [queue size = 41]
2026-09-10 17:00:47 DEBUG: No released tasks.
2026-09-10 17:00:47 DEBUG:    EVENT NUM 25    current_time = 00:00:01   START_TASK            [queue size = 40]
2026-09-10 17:00:47 DEBUG: No released tasks.
2026-09-10 17:00:47 DEBUG:    EVENT NUM 26    current_time = 00:00:01   START_TASK            [queue size = 39]
2026-09-10 17:00:47 DEBUG: No released tasks.
2026-09-10 17:00:47 DEBUG:    EVENT NUM 27    current_time = 00:00:01   START_TASK            [queue size = 38]
2026-09-10 17:00:47 DEBUG: No released tasks.
2026-09-10 17:00:47 DEBUG:    EVENT NUM 28    current_time = 00:00:01   START_TASK            [queue size = 37]
2026-09-10 17:00:47 DEBUG: No released tasks.
2026-09-10 17:00:47 INFO:   END SIMULATION.

2026-09-10 17:00:47 INFO: Writing statistics report ...
2026-09-10 17:00:47 INFO: Report saved to: c:\Users\chiod\Documents\OMERO_TaskDesign\Simulator\output\reports\heuristic\Opt_True\report_0_OptTrue_Seed30201.txt
