2026-09-10 16:46:05 INFO: Warehouse initialization | grid=5x10, physical=14x15, num_skus=500, num_robots=5, num_ws=3
2026-09-10 16:46:05 INFO: Warehouse initialized | 50 pods  (average number of skus per pod = 30.00), 3 workstations, 5 robots
2026-09-10 16:46:05 INFO: [OptManager] Building time-space network ...
2026-09-10 16:46:05 INFO: [OptManager] Network ready: 2650 nodes, 14602 travelling arcs, 2597 idle arcs.
2026-09-10 16:46:05 INFO: 
=============================================
2026-09-10 16:46:05 INFO:   START SIMULATION  {TIME HORIZON = 00:00:02}
2026-09-10 16:46:05 DEBUG:    EVENT NUM 1     current_time = 00:00:00   ARRIVAL_ORDER         [queue size = 1]
2026-09-10 16:46:05 DEBUG: Order 0 arrived: items_required = [160, 256].     [orders_in_system = 1]
2026-09-10 16:46:05 DEBUG: Order 1 arrived: items_required = [260, 348].     [orders_in_system = 2]
2026-09-10 16:46:05 DEBUG: Order 2 arrived: items_required = [157].     [orders_in_system = 3]
2026-09-10 16:46:05 DEBUG: Order 3 arrived: items_required = [211, 234].     [orders_in_system = 4]
2026-09-10 16:46:05 DEBUG: Order 4 arrived: items_required = [37].     [orders_in_system = 5]
2026-09-10 16:46:05 DEBUG: Order 5 arrived: items_required = [150].     [orders_in_system = 6]
2026-09-10 16:46:05 DEBUG: Order 6 arrived: items_required = [253, 98].     [orders_in_system = 7]
2026-09-10 16:46:05 DEBUG: Order 7 arrived: items_required = [304, 208].     [orders_in_system = 8]
2026-09-10 16:46:05 DEBUG: Order 8 arrived: items_required = [218].     [orders_in_system = 9]
2026-09-10 16:46:05 DEBUG: Order 9 arrived: items_required = [197].     [orders_in_system = 10]
2026-09-10 16:46:05 DEBUG: Order 10 arrived: items_required = [223].     [orders_in_system = 11]
2026-09-10 16:46:05 DEBUG: Order 11 arrived: items_required = [278, 332].     [orders_in_system = 12]
2026-09-10 16:46:05 DEBUG: Order 12 arrived: items_required = [415, 179, 330, 256].     [orders_in_system = 13]
2026-09-10 16:46:05 DEBUG: Order 13 arrived: items_required = [275].     [orders_in_system = 14]
2026-09-10 16:46:05 DEBUG: Order 14 arrived: items_required = [80, 451].     [orders_in_system = 15]
2026-09-10 16:46:05 DEBUG: Order 15 arrived: items_required = [276].     [orders_in_system = 16]
2026-09-10 16:46:05 DEBUG: Order 16 arrived: items_required = [223].     [orders_in_system = 17]
2026-09-10 16:46:05 DEBUG: Order 17 arrived: items_required = [334].     [orders_in_system = 18]
2026-09-10 16:46:05 DEBUG: Order 18 arrived: items_required = [375].     [orders_in_system = 19]
2026-09-10 16:46:05 DEBUG: Order 19 arrived: items_required = [250].     [orders_in_system = 20]
2026-09-10 16:46:05 DEBUG: Order 20 arrived: items_required = [211].     [orders_in_system = 21]
2026-09-10 16:46:05 DEBUG: Order 21 arrived: items_required = [206].     [orders_in_system = 22]
2026-09-10 16:46:05 DEBUG: Order 22 arrived: items_required = [285].     [orders_in_system = 23]
2026-09-10 16:46:05 DEBUG: Order 23 arrived: items_required = [350, 265, 310, 213, 313].     [orders_in_system = 24]
2026-09-10 16:46:05 DEBUG: Order 24 arrived: items_required = [406].     [orders_in_system = 25]
2026-09-10 16:46:05 DEBUG: Order 25 arrived: items_required = [255, 255, 204].     [orders_in_system = 26]
2026-09-10 16:46:05 DEBUG: Order 26 arrived: items_required = [194].     [orders_in_system = 27]
2026-09-10 16:46:05 DEBUG: Order 27 arrived: items_required = [324, 243, 349].     [orders_in_system = 28]
2026-09-10 16:46:05 DEBUG: Order 28 arrived: items_required = [246, 215, 364].     [orders_in_system = 29]
2026-09-10 16:46:05 DEBUG: Order 29 arrived: items_required = [410, 221, 147].     [orders_in_system = 30]
2026-09-10 16:46:05 DEBUG: Order 30 arrived: items_required = [251, 351].     [orders_in_system = 31]
2026-09-10 16:46:05 DEBUG: Order 31 arrived: items_required = [324, 195].     [orders_in_system = 32]
2026-09-10 16:46:05 DEBUG: Order 32 arrived: items_required = [202, 401, 240, 260, 244].     [orders_in_system = 33]
2026-09-10 16:46:05 DEBUG: Order 33 arrived: items_required = [276, 228].     [orders_in_system = 34]
2026-09-10 16:46:05 DEBUG: Order 34 arrived: items_required = [418].     [orders_in_system = 35]
2026-09-10 16:46:05 DEBUG: Order 35 arrived: items_required = [274, 317].     [orders_in_system = 36]
2026-09-10 16:46:05 DEBUG: Order 36 arrived: items_required = [356, 232].     [orders_in_system = 37]
2026-09-10 16:46:05 DEBUG: Order 37 arrived: items_required = [292].     [orders_in_system = 38]
2026-09-10 16:46:05 DEBUG: Order 38 arrived: items_required = [150].     [orders_in_system = 39]
2026-09-10 16:46:05 DEBUG: Order 39 arrived: items_required = [339, 241].     [orders_in_system = 40]
2026-09-10 16:46:05 DEBUG: Order 40 arrived: items_required = [119].     [orders_in_system = 41]
2026-09-10 16:46:05 DEBUG: Order 41 arrived: items_required = [342].     [orders_in_system = 42]
2026-09-10 16:46:05 DEBUG: Order 42 arrived: items_required = [187, 204, 293].     [orders_in_system = 43]
2026-09-10 16:46:05 DEBUG: Order 43 arrived: items_required = [400].     [orders_in_system = 44]
2026-09-10 16:46:05 DEBUG: Order 44 arrived: items_required = [270].     [orders_in_system = 45]
2026-09-10 16:46:05 DEBUG: Order 45 arrived: items_required = [165, 269].     [orders_in_system = 46]
2026-09-10 16:46:05 DEBUG: Order 46 arrived: items_required = [376].     [orders_in_system = 47]
2026-09-10 16:46:05 DEBUG: Order 47 arrived: items_required = [337, 211, 270, 209].     [orders_in_system = 48]
2026-09-10 16:46:05 DEBUG: Order 48 arrived: items_required = [188, 315].     [orders_in_system = 49]
2026-09-10 16:46:05 DEBUG: Order 49 arrived: items_required = [192, 195, 293, 258, 167].     [orders_in_system = 50]
2026-09-10 16:46:05 DEBUG:    EVENT NUM 2     current_time = 00:00:01   RUN_OPTIMIZER         [queue size = 1]
2026-09-10 16:46:05 INFO: Solving stage 1 ... 
2026-09-10 16:46:05 INFO: 
[lns_stage1] start | 50 orders, 50 pods, 3 workstations (50 free to move) | budget 30s
2026-09-10 16:46:05 INFO: [lns_stage1] initial objective 52.1000
2026-09-10 16:46:05 INFO: [lns_stage1] iter 3 | objective 46.2000 | improved by 5.9000 | hole 20 orders | 0s elapsed
2026-09-10 16:46:05 INFO: [lns_stage1] iter 5 | objective 46.1000 | improved by 0.1000 | hole 20 orders | 0s elapsed
2026-09-10 16:46:05 INFO: [lns_stage1] iter 8 | objective 44.3000 | improved by 1.8000 | hole 20 orders | 0s elapsed
2026-09-10 16:46:06 INFO: [lns_stage1] iter 10 | objective 42.0000 | improved by 2.3000 | hole 20 orders | 0s elapsed
2026-09-10 16:46:06 INFO: [lns_stage1] iter 11 | objective 40.5000 | improved by 1.5000 | hole 20 orders | 0s elapsed
2026-09-10 16:46:06 INFO: [lns_stage1] iter 17 | objective 39.5000 | improved by 1.0000 | hole 25 orders | 0s elapsed
2026-09-10 16:46:06 INFO: [lns_stage1] iter 21 | objective 38.1000 | improved by 1.4000 | hole 20 orders | 1s elapsed
2026-09-10 16:46:06 INFO: [lns_stage1] iter 38 | objective 37.7000 | improved by 0.4000 | hole 20 orders | 1s elapsed
2026-09-10 16:46:06 INFO: [lns_stage1] iter 39 | objective 37.2000 | improved by 0.5000 | hole 20 orders | 1s elapsed
2026-09-10 16:46:07 INFO: [lns_stage1] iter 74 | objective 36.3000 | improved by 0.9000 | hole 25 orders | 2s elapsed
2026-09-10 16:46:09 INFO: [lns_stage1] done | 4.2s, 241 iterations | final objective 36.3000 
2026-09-10 16:46:09 INFO: Stage 1 solved.
2026-09-10 16:46:09 INFO: Solving stage 2 ... 
2026-09-10 16:46:09 INFO: 
[lns_stage2] start | 92 item order pairs, 17 pods, 3 workstations, 50 time steps | budget 300s
2026-09-10 16:46:10 INFO: [lns_stage2] initial objective 41.9853
2026-09-10 16:46:11 INFO: [lns_stage2] iter 4 | objective 50.1126 | improved by 8.1273 | hole 6 pods | 1s elapsed
2026-09-10 16:46:11 INFO: [lns_stage2] iter 6 | objective 56.1158 | improved by 6.0032 | hole 3 pods | 2s elapsed
2026-09-10 16:46:11 INFO: [lns_stage2] iter 7 | objective 56.2724 | improved by 0.1566 | hole 3 pods | 2s elapsed
2026-09-10 16:46:12 INFO: [lns_stage2] iter 8 | objective 59.5890 | improved by 3.3166 | hole 6 pods | 2s elapsed
2026-09-10 16:46:13 INFO: [lns_stage2] iter 9 | objective 64.9571 | improved by 5.3681 | hole 6 pods | 3s elapsed
2026-09-10 16:46:14 INFO: [lns_stage2] iter 10 | objective 69.2358 | improved by 4.2787 | hole 6 pods | 4s elapsed
2026-09-10 16:46:15 INFO: [lns_stage2] iter 11 | objective 73.2543 | improved by 4.0185 | hole 6 pods | 5s elapsed
2026-09-10 16:46:16 INFO: [lns_stage2] iter 12 | objective 73.9758 | improved by 0.7215 | hole 6 pods | 6s elapsed
2026-09-10 16:46:16 INFO: [lns_stage2] iter 13 | objective 74.8056 | improved by 0.8298 | hole 6 pods | 7s elapsed
2026-09-10 16:46:17 INFO: [lns_stage2] iter 14 | objective 79.1267 | improved by 4.3211 | hole 6 pods | 7s elapsed
2026-09-10 16:46:18 INFO: [lns_stage2] iter 16 | objective 80.2292 | improved by 1.1025 | hole 6 pods | 8s elapsed
2026-09-10 16:46:19 INFO: [lns_stage2] iter 18 | objective 80.3878 | improved by 0.1586 | hole 6 pods | 9s elapsed
2026-09-10 16:46:20 INFO: [lns_stage2] iter 23 | objective 80.3999 | improved by 0.0121 | hole 3 pods | 10s elapsed
2026-09-10 16:46:21 INFO: [lns_stage2] iter 25 | objective 80.7983 | improved by 0.3984 | hole 6 pods | 12s elapsed
2026-09-10 16:46:24 INFO: [lns_stage2] iter 30 | objective 81.1169 | improved by 0.3186 | hole 8 pods | 14s elapsed
2026-09-10 16:46:29 INFO: [lns_stage2] iter 48 | objective 81.4774 | improved by 0.3605 | hole 5 pods | 20s elapsed
2026-09-10 16:46:32 INFO: [lns_stage2] iter 58 | objective 83.5267 | improved by 2.0493 | hole 6 pods | 23s elapsed
2026-09-10 16:46:33 INFO: [lns_stage2] iter 60 | objective 83.5928 | improved by 0.0661 | hole 6 pods | 24s elapsed
2026-09-10 16:46:34 INFO: [lns_stage2] iter 62 | objective 83.6953 | improved by 0.1025 | hole 6 pods | 24s elapsed
2026-09-10 16:46:35 INFO: [lns_stage2] iter 65 | objective 84.1680 | improved by 0.4727 | hole 6 pods | 25s elapsed
2026-09-10 16:46:39 INFO: [lns_stage2] iter 75 | objective 84.2082 | improved by 0.0402 | hole 7 pods | 29s elapsed
2026-09-10 16:46:44 INFO: [lns_stage2] iter 93 | objective 84.2524 | improved by 0.0442 | hole 4 pods | 35s elapsed
2026-09-10 16:46:45 INFO: [lns_stage2] iter 94 | objective 84.5232 | improved by 0.2708 | hole 7 pods | 35s elapsed
2026-09-10 16:46:50 INFO: [lns_stage2] iter 112 | objective 84.6113 | improved by 0.0881 | hole 4 pods | 41s elapsed
2026-09-10 16:46:52 INFO: [lns_stage2] iter 115 | objective 85.0591 | improved by 0.4478 | hole 4 pods | 42s elapsed
2026-09-10 16:46:55 INFO: [lns_stage2] iter 125 | objective 85.2896 | improved by 0.2305 | hole 5 pods | 45s elapsed
2026-09-10 16:46:58 INFO: [lns_stage2] iter 134 | objective 85.6627 | improved by 0.3731 | hole 4 pods | 48s elapsed
2026-09-10 16:46:58 INFO: [lns_stage2] iter 136 | objective 85.8013 | improved by 0.1386 | hole 4 pods | 49s elapsed
2026-09-10 16:47:03 INFO: [lns_stage2] iter 149 | objective 85.9756 | improved by 0.1743 | hole 5 pods | 53s elapsed
2026-09-10 16:47:03 INFO: [lns_stage2] iter 151 | objective 87.1175 | improved by 1.1419 | hole 5 pods | 54s elapsed
2026-09-10 16:47:06 INFO: [lns_stage2] iter 156 | objective 87.6990 | improved by 0.5815 | hole 7 pods | 56s elapsed
2026-09-10 16:47:11 INFO: [lns_stage2] iter 169 | objective 87.7391 | improved by 0.0401 | hole 5 pods | 61s elapsed
2026-09-10 16:47:20 INFO: [lns_stage2] iter 199 | objective 87.8133 | improved by 0.0742 | hole 5 pods | 70s elapsed
2026-09-10 16:48:07 INFO: [lns_stage2] done | 117.1s, 355 iterations | final objective 87.8133 
2026-09-10 16:48:07 INFO: Stage 2 solved.
2026-09-10 16:48:07 DEBUG: Order 15 will be opened at workstation 0. [opened orders = 0 / 4]
2026-09-10 16:48:07 DEBUG: Order 19 will be opened at workstation 0. [opened orders = 0 / 4]
2026-09-10 16:48:07 DEBUG: Order 20 will be opened at workstation 0. [opened orders = 0 / 4]
2026-09-10 16:48:07 DEBUG: Order 43 will be opened at workstation 0. [opened orders = 0 / 4]
2026-09-10 16:48:07 DEBUG: Order 10 queued at workstation 0. [order_queue len = 1]
2026-09-10 16:48:07 DEBUG: Order 16 queued at workstation 0. [order_queue len = 2]
2026-09-10 16:48:07 DEBUG: Order 34 queued at workstation 0. [order_queue len = 3]
2026-09-10 16:48:07 DEBUG: Order 41 queued at workstation 0. [order_queue len = 4]
2026-09-10 16:48:07 DEBUG: Order 42 queued at workstation 0. [order_queue len = 5]
2026-09-10 16:48:07 DEBUG: Order 29 queued at workstation 0. [order_queue len = 6]
2026-09-10 16:48:07 DEBUG: Order 46 queued at workstation 0. [order_queue len = 7]
2026-09-10 16:48:07 DEBUG: Order 3 queued at workstation 0. [order_queue len = 8]
2026-09-10 16:48:07 DEBUG: Order 33 queued at workstation 0. [order_queue len = 9]
2026-09-10 16:48:07 DEBUG: Order 18 queued at workstation 0. [order_queue len = 10]
2026-09-10 16:48:07 DEBUG: Order 31 queued at workstation 0. [order_queue len = 11]
2026-09-10 16:48:07 DEBUG: Order 49 queued at workstation 0. [order_queue len = 12]
2026-09-10 16:48:07 DEBUG: Order 7 will be opened at workstation 1. [opened orders = 0 / 4]
2026-09-10 16:48:07 DEBUG: Order 21 will be opened at workstation 1. [opened orders = 0 / 4]
2026-09-10 16:48:07 DEBUG: Order 24 will be opened at workstation 1. [opened orders = 0 / 4]
2026-09-10 16:48:07 DEBUG: Order 35 will be opened at workstation 1. [opened orders = 0 / 4]
2026-09-10 16:48:07 DEBUG: Order 9 queued at workstation 1. [order_queue len = 1]
2026-09-10 16:48:07 DEBUG: Order 14 queued at workstation 1. [order_queue len = 2]
2026-09-10 16:48:07 DEBUG: Order 22 queued at workstation 1. [order_queue len = 3]
2026-09-10 16:48:07 DEBUG: Order 5 queued at workstation 1. [order_queue len = 4]
2026-09-10 16:48:07 DEBUG: Order 13 queued at workstation 1. [order_queue len = 5]
2026-09-10 16:48:07 DEBUG: Order 38 queued at workstation 1. [order_queue len = 6]
2026-09-10 16:48:07 DEBUG: Order 23 queued at workstation 1. [order_queue len = 7]
2026-09-10 16:48:07 DEBUG: Order 39 queued at workstation 1. [order_queue len = 8]
2026-09-10 16:48:07 DEBUG: Order 8 queued at workstation 1. [order_queue len = 9]
2026-09-10 16:48:07 DEBUG: Order 48 queued at workstation 1. [order_queue len = 10]
2026-09-10 16:48:07 DEBUG: Order 12 queued at workstation 1. [order_queue len = 11]
2026-09-10 16:48:07 DEBUG: Order 44 queued at workstation 1. [order_queue len = 12]
2026-09-10 16:48:07 DEBUG: Order 25 queued at workstation 1. [order_queue len = 13]
2026-09-10 16:48:07 DEBUG: Order 45 queued at workstation 1. [order_queue len = 14]
2026-09-10 16:48:07 DEBUG: Order 1 will be opened at workstation 2. [opened orders = 0 / 4]
2026-09-10 16:48:07 DEBUG: Order 11 will be opened at workstation 2. [opened orders = 0 / 4]
2026-09-10 16:48:07 DEBUG: Order 40 will be opened at workstation 2. [opened orders = 0 / 4]
2026-09-10 16:48:07 DEBUG: Order 2 will be opened at workstation 2. [opened orders = 0 / 4]
2026-09-10 16:48:07 DEBUG: Order 4 queued at workstation 2. [order_queue len = 1]
2026-09-10 16:48:07 DEBUG: Order 37 queued at workstation 2. [order_queue len = 2]
2026-09-10 16:48:07 DEBUG: Order 0 queued at workstation 2. [order_queue len = 3]
2026-09-10 16:48:07 DEBUG: Order 6 queued at workstation 2. [order_queue len = 4]
2026-09-10 16:48:07 DEBUG: Order 17 queued at workstation 2. [order_queue len = 5]
2026-09-10 16:48:07 DEBUG: Order 26 queued at workstation 2. [order_queue len = 6]
2026-09-10 16:48:07 DEBUG: Order 27 queued at workstation 2. [order_queue len = 7]
2026-09-10 16:48:07 DEBUG: Order 30 queued at workstation 2. [order_queue len = 8]
2026-09-10 16:48:07 DEBUG: Order 36 queued at workstation 2. [order_queue len = 9]
2026-09-10 16:48:07 DEBUG: Order 28 queued at workstation 2. [order_queue len = 10]
2026-09-10 16:48:07 DEBUG: Order 32 queued at workstation 2. [order_queue len = 11]
2026-09-10 16:48:07 DEBUG: Order 47 queued at workstation 2. [order_queue len = 12]
2026-09-10 16:48:07 WARNING: Task designing ended. Optimizer designed 36 tasks.
2026-09-10 16:48:07 DEBUG:    EVENT NUM 3     current_time = 00:00:01   RELEASE_TASK          [queue size = 49]
2026-09-10 16:48:07 DEBUG: Task 0 released: pod 6 required by workstation(s) [2].  [released tasks = 1]
2026-09-10 16:48:07 DEBUG:    EVENT NUM 4     current_time = 00:00:01   OPEN_ORDER            [queue size = 49]
2026-09-10 16:48:07 DEBUG: Order 15 (skus required = {276}) opened at workstation 0.   [open_orders = 1/4]
2026-09-10 16:48:07 DEBUG:    EVENT NUM 5     current_time = 00:00:01   OPEN_ORDER            [queue size = 49]
2026-09-10 16:48:07 DEBUG: Order 19 (skus required = {250}) opened at workstation 0.   [open_orders = 2/4]
2026-09-10 16:48:07 DEBUG:    EVENT NUM 6     current_time = 00:00:01   OPEN_ORDER            [queue size = 49]
2026-09-10 16:48:07 DEBUG: Order 20 (skus required = {211}) opened at workstation 0.   [open_orders = 3/4]
2026-09-10 16:48:07 DEBUG:    EVENT NUM 7     current_time = 00:00:01   OPEN_ORDER            [queue size = 49]
2026-09-10 16:48:07 DEBUG: Order 43 (skus required = {400}) opened at workstation 0.   [open_orders = 4/4]
2026-09-10 16:48:07 DEBUG:    EVENT NUM 8     current_time = 00:00:01   OPEN_ORDER            [queue size = 49]
2026-09-10 16:48:07 DEBUG: Order 7 (skus required = {304, 208}) opened at workstation 1.   [open_orders = 1/4]
2026-09-10 16:48:07 DEBUG:    EVENT NUM 9     current_time = 00:00:01   OPEN_ORDER            [queue size = 49]
2026-09-10 16:48:07 DEBUG: Order 21 (skus required = {206}) opened at workstation 1.   [open_orders = 2/4]
2026-09-10 16:48:07 DEBUG:    EVENT NUM 10    current_time = 00:00:01   OPEN_ORDER            [queue size = 49]
2026-09-10 16:48:07 DEBUG: Order 24 (skus required = {406}) opened at workstation 1.   [open_orders = 3/4]
2026-09-10 16:48:07 DEBUG:    EVENT NUM 11    current_time = 00:00:01   OPEN_ORDER            [queue size = 49]
2026-09-10 16:48:07 DEBUG: Order 35 (skus required = {274, 317}) opened at workstation 1.   [open_orders = 4/4]
2026-09-10 16:48:07 DEBUG:    EVENT NUM 12    current_time = 00:00:01   OPEN_ORDER            [queue size = 49]
2026-09-10 16:48:07 DEBUG: Order 1 (skus required = {260, 348}) opened at workstation 2.   [open_orders = 1/4]
2026-09-10 16:48:07 DEBUG:    EVENT NUM 13    current_time = 00:00:01   OPEN_ORDER            [queue size = 49]
2026-09-10 16:48:07 DEBUG: Order 11 (skus required = {332, 278}) opened at workstation 2.   [open_orders = 2/4]
2026-09-10 16:48:07 DEBUG:    EVENT NUM 14    current_time = 00:00:01   OPEN_ORDER            [queue size = 49]
2026-09-10 16:48:07 DEBUG: Order 40 (skus required = {119}) opened at workstation 2.   [open_orders = 3/4]
2026-09-10 16:48:07 DEBUG:    EVENT NUM 15    current_time = 00:00:01   OPEN_ORDER            [queue size = 49]
2026-09-10 16:48:07 DEBUG: Order 2 (skus required = {157}) opened at workstation 2.   [open_orders = 4/4]
2026-09-10 16:48:07 DEBUG:    EVENT NUM 16    current_time = 00:00:01   START_TASK            [queue size = 49]
2026-09-10 16:48:07 DEBUG: Task 0 selected (pod 6) at depth 0 (0 non-servable, 0 pod-busy skipped before it)
2026-09-10 16:48:07 DEBUG: Task 0 started: robot 2 -> pod 6 -> workstation 2 for orders {40, 1, 11} (arrival = 63.1 s).   [idle robots = 4/5]
2026-09-10 16:48:07 DEBUG:    EVENT NUM 17    current_time = 00:00:01   START_TASK            [queue size = 49]
2026-09-10 16:48:07 DEBUG: No released tasks.
2026-09-10 16:48:07 DEBUG:    EVENT NUM 18    current_time = 00:00:01   START_TASK            [queue size = 48]
2026-09-10 16:48:07 DEBUG: No released tasks.
2026-09-10 16:48:07 DEBUG:    EVENT NUM 19    current_time = 00:00:01   START_TASK            [queue size = 47]
2026-09-10 16:48:07 DEBUG: No released tasks.
2026-09-10 16:48:07 DEBUG:    EVENT NUM 20    current_time = 00:00:01   START_TASK            [queue size = 46]
2026-09-10 16:48:07 DEBUG: No released tasks.
2026-09-10 16:48:07 DEBUG:    EVENT NUM 21    current_time = 00:00:01   START_TASK            [queue size = 45]
2026-09-10 16:48:07 DEBUG: No released tasks.
2026-09-10 16:48:07 DEBUG:    EVENT NUM 22    current_time = 00:00:01   START_TASK            [queue size = 44]
2026-09-10 16:48:07 DEBUG: No released tasks.
2026-09-10 16:48:07 DEBUG:    EVENT NUM 23    current_time = 00:00:01   START_TASK            [queue size = 43]
2026-09-10 16:48:07 DEBUG: No released tasks.
2026-09-10 16:48:07 DEBUG:    EVENT NUM 24    current_time = 00:00:01   START_TASK            [queue size = 42]
2026-09-10 16:48:07 DEBUG: No released tasks.
2026-09-10 16:48:07 DEBUG:    EVENT NUM 25    current_time = 00:00:01   START_TASK            [queue size = 41]
2026-09-10 16:48:07 DEBUG: No released tasks.
2026-09-10 16:48:07 DEBUG:    EVENT NUM 26    current_time = 00:00:01   START_TASK            [queue size = 40]
2026-09-10 16:48:07 DEBUG: No released tasks.
2026-09-10 16:48:07 DEBUG:    EVENT NUM 27    current_time = 00:00:01   START_TASK            [queue size = 39]
2026-09-10 16:48:07 DEBUG: No released tasks.
2026-09-10 16:48:07 DEBUG:    EVENT NUM 28    current_time = 00:00:01   START_TASK            [queue size = 38]
2026-09-10 16:48:07 DEBUG: No released tasks.
2026-09-10 16:48:07 INFO:   END SIMULATION.

2026-09-10 16:48:07 INFO: Writing statistics report ...
2026-09-10 16:48:07 INFO: Report saved to: c:\Users\chiod\Documents\OMERO_TaskDesign\Simulator\output\reports\heuristic\Opt_True\report_0_OptTrue_Seed343310.txt
