2026-09-10 16:48:07 INFO: Warehouse initialization | grid=5x10, physical=14x15, num_skus=500, num_robots=5, num_ws=3
2026-09-10 16:48:07 INFO: Warehouse initialized | 50 pods  (average number of skus per pod = 30.00), 3 workstations, 5 robots
2026-09-10 16:48:07 INFO: [OptManager] Building time-space network ...
2026-09-10 16:48:07 INFO: [OptManager] Network ready: 2650 nodes, 14602 travelling arcs, 2597 idle arcs.
2026-09-10 16:48:07 INFO: 
=============================================
2026-09-10 16:48:07 INFO:   START SIMULATION  {TIME HORIZON = 00:00:02}
2026-09-10 16:48:07 DEBUG:    EVENT NUM 1     current_time = 00:00:00   ARRIVAL_ORDER         [queue size = 1]
2026-09-10 16:48:07 DEBUG: Order 0 arrived: items_required = [228, 90].     [orders_in_system = 1]
2026-09-10 16:48:07 DEBUG: Order 1 arrived: items_required = [183].     [orders_in_system = 2]
2026-09-10 16:48:07 DEBUG: Order 2 arrived: items_required = [318].     [orders_in_system = 3]
2026-09-10 16:48:07 DEBUG: Order 3 arrived: items_required = [66, 250, 253].     [orders_in_system = 4]
2026-09-10 16:48:07 DEBUG: Order 4 arrived: items_required = [417].     [orders_in_system = 5]
2026-09-10 16:48:07 DEBUG: Order 5 arrived: items_required = [236, 178].     [orders_in_system = 6]
2026-09-10 16:48:07 DEBUG: Order 6 arrived: items_required = [225].     [orders_in_system = 7]
2026-09-10 16:48:07 DEBUG: Order 7 arrived: items_required = [159].     [orders_in_system = 8]
2026-09-10 16:48:07 DEBUG: Order 8 arrived: items_required = [202, 265].     [orders_in_system = 9]
2026-09-10 16:48:07 DEBUG: Order 9 arrived: items_required = [347].     [orders_in_system = 10]
2026-09-10 16:48:07 DEBUG: Order 10 arrived: items_required = [306, 450, 252].     [orders_in_system = 11]
2026-09-10 16:48:07 DEBUG: Order 11 arrived: items_required = [174, 292].     [orders_in_system = 12]
2026-09-10 16:48:07 DEBUG: Order 12 arrived: items_required = [391, 248].     [orders_in_system = 13]
2026-09-10 16:48:07 DEBUG: Order 13 arrived: items_required = [193, 374, 305].     [orders_in_system = 14]
2026-09-10 16:48:07 DEBUG: Order 14 arrived: items_required = [124, 390, 167, 192].     [orders_in_system = 15]
2026-09-10 16:48:07 DEBUG: Order 15 arrived: items_required = [375].     [orders_in_system = 16]
2026-09-10 16:48:07 DEBUG: Order 16 arrived: items_required = [259].     [orders_in_system = 17]
2026-09-10 16:48:07 DEBUG: Order 17 arrived: items_required = [236, 390].     [orders_in_system = 18]
2026-09-10 16:48:07 DEBUG: Order 18 arrived: items_required = [215].     [orders_in_system = 19]
2026-09-10 16:48:07 DEBUG: Order 19 arrived: items_required = [132, 316, 173].     [orders_in_system = 20]
2026-09-10 16:48:07 DEBUG: Order 20 arrived: items_required = [146, 276].     [orders_in_system = 21]
2026-09-10 16:48:07 DEBUG: Order 21 arrived: items_required = [222, 150].     [orders_in_system = 22]
2026-09-10 16:48:07 DEBUG: Order 22 arrived: items_required = [312, 226].     [orders_in_system = 23]
2026-09-10 16:48:07 DEBUG: Order 23 arrived: items_required = [132, 355].     [orders_in_system = 24]
2026-09-10 16:48:07 DEBUG: Order 24 arrived: items_required = [299].     [orders_in_system = 25]
2026-09-10 16:48:07 DEBUG: Order 25 arrived: items_required = [225, 236].     [orders_in_system = 26]
2026-09-10 16:48:07 DEBUG: Order 26 arrived: items_required = [453, 316].     [orders_in_system = 27]
2026-09-10 16:48:07 DEBUG: Order 27 arrived: items_required = [240].     [orders_in_system = 28]
2026-09-10 16:48:07 DEBUG: Order 28 arrived: items_required = [166].     [orders_in_system = 29]
2026-09-10 16:48:07 DEBUG: Order 29 arrived: items_required = [205, 408].     [orders_in_system = 30]
2026-09-10 16:48:07 DEBUG: Order 30 arrived: items_required = [258].     [orders_in_system = 31]
2026-09-10 16:48:07 DEBUG: Order 31 arrived: items_required = [346, 327].     [orders_in_system = 32]
2026-09-10 16:48:07 DEBUG: Order 32 arrived: items_required = [256, 310].     [orders_in_system = 33]
2026-09-10 16:48:07 DEBUG: Order 33 arrived: items_required = [209, 367].     [orders_in_system = 34]
2026-09-10 16:48:07 DEBUG: Order 34 arrived: items_required = [154].     [orders_in_system = 35]
2026-09-10 16:48:07 DEBUG: Order 35 arrived: items_required = [334, 224, 181].     [orders_in_system = 36]
2026-09-10 16:48:07 DEBUG: Order 36 arrived: items_required = [104, 374].     [orders_in_system = 37]
2026-09-10 16:48:07 DEBUG: Order 37 arrived: items_required = [375].     [orders_in_system = 38]
2026-09-10 16:48:07 DEBUG: Order 38 arrived: items_required = [369, 215, 359, 240].     [orders_in_system = 39]
2026-09-10 16:48:07 DEBUG: Order 39 arrived: items_required = [286].     [orders_in_system = 40]
2026-09-10 16:48:07 DEBUG: Order 40 arrived: items_required = [210, 264].     [orders_in_system = 41]
2026-09-10 16:48:07 DEBUG: Order 41 arrived: items_required = [277, 119].     [orders_in_system = 42]
2026-09-10 16:48:07 DEBUG: Order 42 arrived: items_required = [207, 332].     [orders_in_system = 43]
2026-09-10 16:48:07 DEBUG: Order 43 arrived: items_required = [184, 197].     [orders_in_system = 44]
2026-09-10 16:48:07 DEBUG: Order 44 arrived: items_required = [272].     [orders_in_system = 45]
2026-09-10 16:48:07 DEBUG: Order 45 arrived: items_required = [360, 392, 270, 375].     [orders_in_system = 46]
2026-09-10 16:48:07 DEBUG: Order 46 arrived: items_required = [295].     [orders_in_system = 47]
2026-09-10 16:48:07 DEBUG: Order 47 arrived: items_required = [283, 272].     [orders_in_system = 48]
2026-09-10 16:48:07 DEBUG: Order 48 arrived: items_required = [237].     [orders_in_system = 49]
2026-09-10 16:48:07 DEBUG: Order 49 arrived: items_required = [170, 237].     [orders_in_system = 50]
2026-09-10 16:48:07 DEBUG:    EVENT NUM 2     current_time = 00:00:01   RUN_OPTIMIZER         [queue size = 1]
2026-09-10 16:48:07 INFO: Solving stage 1 ... 
2026-09-10 16:48:07 INFO: 
[lns_stage1] start | 50 orders, 50 pods, 3 workstations (50 free to move) | budget 30s
2026-09-10 16:48:07 INFO: [lns_stage1] initial objective 52.1000
2026-09-10 16:48:07 INFO: [lns_stage1] iter 2 | objective 45.4000 | improved by 6.7000 | hole 25 orders | 0s elapsed
2026-09-10 16:48:07 INFO: [lns_stage1] iter 4 | objective 44.3000 | improved by 1.1000 | hole 20 orders | 0s elapsed
2026-09-10 16:48:07 INFO: [lns_stage1] iter 5 | objective 42.4000 | improved by 1.9000 | hole 20 orders | 0s elapsed
2026-09-10 16:48:07 INFO: [lns_stage1] iter 6 | objective 42.3000 | improved by 0.1000 | hole 20 orders | 0s elapsed
2026-09-10 16:48:07 INFO: [lns_stage1] iter 14 | objective 40.9000 | improved by 1.4000 | hole 20 orders | 0s elapsed
2026-09-10 16:48:07 INFO: [lns_stage1] iter 20 | objective 39.5000 | improved by 1.4000 | hole 20 orders | 1s elapsed
2026-09-10 16:48:07 INFO: [lns_stage1] iter 31 | objective 38.7000 | improved by 0.8000 | hole 20 orders | 1s elapsed
2026-09-10 16:48:08 INFO: [lns_stage1] iter 46 | objective 38.1000 | improved by 0.6000 | hole 25 orders | 1s elapsed
2026-09-10 16:48:08 INFO: [lns_stage1] iter 55 | objective 36.7000 | improved by 1.4000 | hole 20 orders | 1s elapsed
2026-09-10 16:48:12 INFO: [lns_stage1] done | 5.1s, 220 iterations | final objective 36.7000 
2026-09-10 16:48:12 INFO: Stage 1 solved.
2026-09-10 16:48:12 INFO: Solving stage 2 ... 
2026-09-10 16:48:12 INFO: 
[lns_stage2] start | 92 item order pairs, 20 pods, 3 workstations, 50 time steps | budget 300s
2026-09-10 16:48:13 WARNING: [lns_stage2] initial solution is infeasible: ['max_active_pods']
2026-09-10 16:48:13 INFO: [lns_stage2] initial objective 37.7978
2026-09-10 16:48:15 INFO: [lns_stage2] iter 3 | objective 48.9996 | improved by 11.2018 | hole 9 pods | 3s elapsed
2026-09-10 16:48:18 INFO: [lns_stage2] iter 5 | objective 63.8106 | improved by 14.8110 | hole 6 pods | 6s elapsed
2026-09-10 16:48:19 INFO: [lns_stage2] iter 6 | objective 66.0675 | improved by 2.2569 | hole 6 pods | 7s elapsed
2026-09-10 16:48:20 INFO: [lns_stage2] iter 7 | objective 68.0089 | improved by 1.9414 | hole 6 pods | 8s elapsed
2026-09-10 16:48:21 INFO: [lns_stage2] iter 8 | objective 71.5091 | improved by 3.5002 | hole 6 pods | 9s elapsed
2026-09-10 16:48:24 INFO: [lns_stage2] iter 9 | objective 72.7870 | improved by 1.2779 | hole 6 pods | 13s elapsed
2026-09-10 16:48:25 INFO: [lns_stage2] iter 10 | objective 75.8419 | improved by 3.0549 | hole 6 pods | 13s elapsed
2026-09-10 16:48:26 INFO: [lns_stage2] iter 11 | objective 78.4723 | improved by 2.6304 | hole 6 pods | 15s elapsed
2026-09-10 16:48:28 INFO: [lns_stage2] iter 12 | objective 79.5761 | improved by 1.1038 | hole 6 pods | 16s elapsed
2026-09-10 16:48:29 INFO: [lns_stage2] iter 13 | objective 79.9108 | improved by 0.3347 | hole 6 pods | 17s elapsed
2026-09-10 16:48:29 INFO: [lns_stage2] iter 14 | objective 81.5341 | improved by 1.6233 | hole 6 pods | 18s elapsed
2026-09-10 16:48:30 INFO: [lns_stage2] iter 15 | objective 82.5045 | improved by 0.9704 | hole 6 pods | 18s elapsed
2026-09-10 16:48:31 INFO: [lns_stage2] iter 16 | objective 82.5926 | improved by 0.0881 | hole 6 pods | 19s elapsed
2026-09-10 16:48:31 INFO: [lns_stage2] iter 19 | objective 82.6687 | improved by 0.0761 | hole 6 pods | 20s elapsed
2026-09-10 16:48:36 INFO: [lns_stage2] iter 31 | objective 83.5702 | improved by 0.9015 | hole 7 pods | 24s elapsed
2026-09-10 16:48:39 INFO: [lns_stage2] iter 37 | objective 84.1913 | improved by 0.6211 | hole 9 pods | 28s elapsed
2026-09-10 16:48:40 INFO: [lns_stage2] iter 38 | objective 84.7805 | improved by 0.5892 | hole 9 pods | 29s elapsed
2026-09-10 16:48:42 INFO: [lns_stage2] iter 41 | objective 86.2997 | improved by 1.5192 | hole 6 pods | 30s elapsed
2026-09-10 16:48:43 INFO: [lns_stage2] iter 43 | objective 87.4297 | improved by 1.1300 | hole 6 pods | 31s elapsed
2026-09-10 16:48:44 INFO: [lns_stage2] iter 46 | objective 87.4638 | improved by 0.0341 | hole 6 pods | 33s elapsed
2026-09-10 16:48:46 INFO: [lns_stage2] iter 53 | objective 87.6807 | improved by 0.2169 | hole 5 pods | 35s elapsed
2026-09-10 16:48:52 INFO: [lns_stage2] iter 65 | objective 88.1681 | improved by 0.4874 | hole 6 pods | 40s elapsed
2026-09-10 16:49:04 INFO: [lns_stage2] iter 100 | objective 88.4287 | improved by 0.2606 | hole 8 pods | 53s elapsed
2026-09-10 16:49:05 INFO: [lns_stage2] iter 104 | objective 88.4590 | improved by 0.0303 | hole 5 pods | 53s elapsed
2026-09-10 16:49:21 INFO: [lns_stage2] iter 148 | objective 88.4991 | improved by 0.0401 | hole 5 pods | 69s elapsed
2026-09-10 16:49:26 INFO: [lns_stage2] iter 165 | objective 88.5513 | improved by 0.0522 | hole 5 pods | 74s elapsed
2026-09-10 16:49:28 INFO: [lns_stage2] iter 171 | objective 88.6918 | improved by 0.1405 | hole 7 pods | 77s elapsed
2026-09-10 16:49:31 INFO: [lns_stage2] iter 179 | objective 88.7179 | improved by 0.0261 | hole 6 pods | 80s elapsed
2026-09-10 16:50:00 INFO: [lns_stage2] iter 255 | objective 88.7921 | improved by 0.0742 | hole 8 pods | 109s elapsed
2026-09-10 16:50:52 INFO: [lns_stage2] done | 160.6s, 411 iterations | final objective 88.7921 
2026-09-10 16:50:52 INFO: Stage 2 solved.
2026-09-10 16:50:52 DEBUG: Order 2 will be opened at workstation 0. [opened orders = 0 / 4]
2026-09-10 16:50:52 DEBUG: Order 11 will be opened at workstation 0. [opened orders = 0 / 4]
2026-09-10 16:50:52 DEBUG: Order 41 will be opened at workstation 0. [opened orders = 0 / 4]
2026-09-10 16:50:52 DEBUG: Order 45 will be opened at workstation 0. [opened orders = 0 / 4]
2026-09-10 16:50:52 DEBUG: Order 15 queued at workstation 0. [order_queue len = 1]
2026-09-10 16:50:52 DEBUG: Order 37 queued at workstation 0. [order_queue len = 2]
2026-09-10 16:50:52 DEBUG: Order 44 queued at workstation 0. [order_queue len = 3]
2026-09-10 16:50:52 DEBUG: Order 9 queued at workstation 0. [order_queue len = 4]
2026-09-10 16:50:52 DEBUG: Order 34 queued at workstation 0. [order_queue len = 5]
2026-09-10 16:50:52 DEBUG: Order 42 queued at workstation 0. [order_queue len = 6]
2026-09-10 16:50:52 DEBUG: Order 6 queued at workstation 0. [order_queue len = 7]
2026-09-10 16:50:52 DEBUG: Order 25 queued at workstation 0. [order_queue len = 8]
2026-09-10 16:50:52 DEBUG: Order 30 queued at workstation 0. [order_queue len = 9]
2026-09-10 16:50:52 DEBUG: Order 8 queued at workstation 0. [order_queue len = 10]
2026-09-10 16:50:52 DEBUG: Order 14 queued at workstation 0. [order_queue len = 11]
2026-09-10 16:50:52 DEBUG: Order 17 queued at workstation 0. [order_queue len = 12]
2026-09-10 16:50:52 DEBUG: Order 33 will be opened at workstation 1. [opened orders = 0 / 4]
2026-09-10 16:50:52 DEBUG: Order 28 will be opened at workstation 1. [opened orders = 0 / 4]
2026-09-10 16:50:52 DEBUG: Order 5 will be opened at workstation 1. [opened orders = 0 / 4]
2026-09-10 16:50:52 DEBUG: Order 43 will be opened at workstation 1. [opened orders = 0 / 4]
2026-09-10 16:50:52 DEBUG: Order 16 queued at workstation 1. [order_queue len = 1]
2026-09-10 16:50:52 DEBUG: Order 23 queued at workstation 1. [order_queue len = 2]
2026-09-10 16:50:52 DEBUG: Order 31 queued at workstation 1. [order_queue len = 3]
2026-09-10 16:50:52 DEBUG: Order 24 queued at workstation 1. [order_queue len = 4]
2026-09-10 16:50:52 DEBUG: Order 27 queued at workstation 1. [order_queue len = 5]
2026-09-10 16:50:52 DEBUG: Order 32 queued at workstation 1. [order_queue len = 6]
2026-09-10 16:50:52 DEBUG: Order 38 queued at workstation 1. [order_queue len = 7]
2026-09-10 16:50:52 DEBUG: Order 39 queued at workstation 1. [order_queue len = 8]
2026-09-10 16:50:52 DEBUG: Order 18 queued at workstation 1. [order_queue len = 9]
2026-09-10 16:50:52 DEBUG: Order 0 queued at workstation 1. [order_queue len = 10]
2026-09-10 16:50:52 DEBUG: Order 19 queued at workstation 1. [order_queue len = 11]
2026-09-10 16:50:52 DEBUG: Order 47 will be opened at workstation 2. [opened orders = 0 / 4]
2026-09-10 16:50:52 DEBUG: Order 4 will be opened at workstation 2. [opened orders = 0 / 4]
2026-09-10 16:50:52 DEBUG: Order 7 will be opened at workstation 2. [opened orders = 0 / 4]
2026-09-10 16:50:52 DEBUG: Order 20 will be opened at workstation 2. [opened orders = 0 / 4]
2026-09-10 16:50:52 DEBUG: Order 29 queued at workstation 2. [order_queue len = 1]
2026-09-10 16:50:52 DEBUG: Order 46 queued at workstation 2. [order_queue len = 2]
2026-09-10 16:50:52 DEBUG: Order 48 queued at workstation 2. [order_queue len = 3]
2026-09-10 16:50:52 DEBUG: Order 12 queued at workstation 2. [order_queue len = 4]
2026-09-10 16:50:52 DEBUG: Order 36 queued at workstation 2. [order_queue len = 5]
2026-09-10 16:50:52 DEBUG: Order 1 queued at workstation 2. [order_queue len = 6]
2026-09-10 16:50:52 DEBUG: Order 26 queued at workstation 2. [order_queue len = 7]
2026-09-10 16:50:52 DEBUG: Order 21 queued at workstation 2. [order_queue len = 8]
2026-09-10 16:50:52 DEBUG: Order 35 queued at workstation 2. [order_queue len = 9]
2026-09-10 16:50:52 DEBUG: Order 3 queued at workstation 2. [order_queue len = 10]
2026-09-10 16:50:52 DEBUG: Order 49 queued at workstation 2. [order_queue len = 11]
2026-09-10 16:50:52 DEBUG: Order 40 queued at workstation 2. [order_queue len = 12]
2026-09-10 16:50:52 DEBUG: Order 13 queued at workstation 2. [order_queue len = 13]
2026-09-10 16:50:52 DEBUG: Order 10 queued at workstation 2. [order_queue len = 14]
2026-09-10 16:50:52 DEBUG: Order 22 queued at workstation 2. [order_queue len = 15]
2026-09-10 16:50:52 WARNING: Task designing ended. Optimizer designed 42 tasks.
2026-09-10 16:50:52 DEBUG:    EVENT NUM 3     current_time = 00:00:01   RELEASE_TASK          [queue size = 55]
2026-09-10 16:50:52 DEBUG: Task 0 released: pod 46 required by workstation(s) [1].  [released tasks = 1]
2026-09-10 16:50:52 DEBUG:    EVENT NUM 4     current_time = 00:00:01   OPEN_ORDER            [queue size = 55]
2026-09-10 16:50:52 DEBUG: Order 2 (skus required = {318}) opened at workstation 0.   [open_orders = 1/4]
2026-09-10 16:50:52 DEBUG:    EVENT NUM 5     current_time = 00:00:01   OPEN_ORDER            [queue size = 55]
2026-09-10 16:50:52 DEBUG: Order 11 (skus required = {292, 174}) opened at workstation 0.   [open_orders = 2/4]
2026-09-10 16:50:52 DEBUG:    EVENT NUM 6     current_time = 00:00:01   OPEN_ORDER            [queue size = 55]
2026-09-10 16:50:52 DEBUG: Order 41 (skus required = {277, 119}) opened at workstation 0.   [open_orders = 3/4]
2026-09-10 16:50:52 DEBUG:    EVENT NUM 7     current_time = 00:00:01   OPEN_ORDER            [queue size = 55]
2026-09-10 16:50:52 DEBUG: Order 45 (skus required = {360, 392, 270, 375}) opened at workstation 0.   [open_orders = 4/4]
2026-09-10 16:50:52 DEBUG:    EVENT NUM 8     current_time = 00:00:01   OPEN_ORDER            [queue size = 55]
2026-09-10 16:50:52 DEBUG: Order 33 (skus required = {209, 367}) opened at workstation 1.   [open_orders = 1/4]
2026-09-10 16:50:52 DEBUG:    EVENT NUM 9     current_time = 00:00:01   OPEN_ORDER            [queue size = 55]
2026-09-10 16:50:52 DEBUG: Order 28 (skus required = {166}) opened at workstation 1.   [open_orders = 2/4]
2026-09-10 16:50:52 DEBUG:    EVENT NUM 10    current_time = 00:00:01   OPEN_ORDER            [queue size = 55]
2026-09-10 16:50:52 DEBUG: Order 5 (skus required = {178, 236}) opened at workstation 1.   [open_orders = 3/4]
2026-09-10 16:50:52 DEBUG:    EVENT NUM 11    current_time = 00:00:01   OPEN_ORDER            [queue size = 55]
2026-09-10 16:50:52 DEBUG: Order 43 (skus required = {184, 197}) opened at workstation 1.   [open_orders = 4/4]
2026-09-10 16:50:52 DEBUG:    EVENT NUM 12    current_time = 00:00:01   OPEN_ORDER            [queue size = 55]
2026-09-10 16:50:52 DEBUG: Order 47 (skus required = {272, 283}) opened at workstation 2.   [open_orders = 1/4]
2026-09-10 16:50:52 DEBUG:    EVENT NUM 13    current_time = 00:00:01   OPEN_ORDER            [queue size = 55]
2026-09-10 16:50:52 DEBUG: Order 4 (skus required = {417}) opened at workstation 2.   [open_orders = 2/4]
2026-09-10 16:50:52 DEBUG:    EVENT NUM 14    current_time = 00:00:01   OPEN_ORDER            [queue size = 55]
2026-09-10 16:50:52 DEBUG: Order 7 (skus required = {159}) opened at workstation 2.   [open_orders = 3/4]
2026-09-10 16:50:52 DEBUG:    EVENT NUM 15    current_time = 00:00:01   OPEN_ORDER            [queue size = 55]
2026-09-10 16:50:52 DEBUG: Order 20 (skus required = {146, 276}) opened at workstation 2.   [open_orders = 4/4]
2026-09-10 16:50:52 DEBUG:    EVENT NUM 16    current_time = 00:00:01   START_TASK            [queue size = 55]
2026-09-10 16:50:52 DEBUG: Task 0 selected (pod 46) at depth 0 (0 non-servable, 0 pod-busy skipped before it)
2026-09-10 16:50:52 DEBUG: Task 0 started: robot 1 -> pod 46 -> workstation 1 for orders {33, 28} (arrival = 30.9 s).   [idle robots = 4/5]
2026-09-10 16:50:52 DEBUG:    EVENT NUM 17    current_time = 00:00:01   START_TASK            [queue size = 55]
2026-09-10 16:50:52 DEBUG: No released tasks.
2026-09-10 16:50:52 DEBUG:    EVENT NUM 18    current_time = 00:00:01   START_TASK            [queue size = 54]
2026-09-10 16:50:52 DEBUG: No released tasks.
2026-09-10 16:50:52 DEBUG:    EVENT NUM 19    current_time = 00:00:01   START_TASK            [queue size = 53]
2026-09-10 16:50:52 DEBUG: No released tasks.
2026-09-10 16:50:52 DEBUG:    EVENT NUM 20    current_time = 00:00:01   START_TASK            [queue size = 52]
2026-09-10 16:50:52 DEBUG: No released tasks.
2026-09-10 16:50:52 DEBUG:    EVENT NUM 21    current_time = 00:00:01   START_TASK            [queue size = 51]
2026-09-10 16:50:52 DEBUG: No released tasks.
2026-09-10 16:50:52 DEBUG:    EVENT NUM 22    current_time = 00:00:01   START_TASK            [queue size = 50]
2026-09-10 16:50:52 DEBUG: No released tasks.
2026-09-10 16:50:52 DEBUG:    EVENT NUM 23    current_time = 00:00:01   START_TASK            [queue size = 49]
2026-09-10 16:50:52 DEBUG: No released tasks.
2026-09-10 16:50:52 DEBUG:    EVENT NUM 24    current_time = 00:00:01   START_TASK            [queue size = 48]
2026-09-10 16:50:52 DEBUG: No released tasks.
2026-09-10 16:50:52 DEBUG:    EVENT NUM 25    current_time = 00:00:01   START_TASK            [queue size = 47]
2026-09-10 16:50:52 DEBUG: No released tasks.
2026-09-10 16:50:52 DEBUG:    EVENT NUM 26    current_time = 00:00:01   START_TASK            [queue size = 46]
2026-09-10 16:50:52 DEBUG: No released tasks.
2026-09-10 16:50:52 DEBUG:    EVENT NUM 27    current_time = 00:00:01   START_TASK            [queue size = 45]
2026-09-10 16:50:52 DEBUG: No released tasks.
2026-09-10 16:50:52 DEBUG:    EVENT NUM 28    current_time = 00:00:01   START_TASK            [queue size = 44]
2026-09-10 16:50:52 DEBUG: No released tasks.
2026-09-10 16:50:52 INFO:   END SIMULATION.

2026-09-10 16:50:52 INFO: Writing statistics report ...
2026-09-10 16:50:52 INFO: Report saved to: c:\Users\chiod\Documents\OMERO_TaskDesign\Simulator\output\reports\heuristic\Opt_True\report_0_OptTrue_Seed293874.txt
