2026-09-10 17:06:12 INFO: Warehouse initialization | grid=5x10, physical=14x15, num_skus=500, num_robots=5, num_ws=3
2026-09-10 17:06:12 INFO: Warehouse initialized | 50 pods  (average number of skus per pod = 30.00), 3 workstations, 5 robots
2026-09-10 17:06:12 INFO: [OptManager] Building time-space network ...
2026-09-10 17:06:12 INFO: [OptManager] Network ready: 2650 nodes, 14602 travelling arcs, 2597 idle arcs.
2026-09-10 17:06:12 INFO: 
=============================================
2026-09-10 17:06:12 INFO:   START SIMULATION  {TIME HORIZON = 00:00:02}
2026-09-10 17:06:12 DEBUG:    EVENT NUM 1     current_time = 00:00:00   ARRIVAL_ORDER         [queue size = 1]
2026-09-10 17:06:12 DEBUG: Order 0 arrived: items_required = [233].     [orders_in_system = 1]
2026-09-10 17:06:12 DEBUG: Order 1 arrived: items_required = [290].     [orders_in_system = 2]
2026-09-10 17:06:12 DEBUG: Order 2 arrived: items_required = [248, 182].     [orders_in_system = 3]
2026-09-10 17:06:12 DEBUG: Order 3 arrived: items_required = [215, 292].     [orders_in_system = 4]
2026-09-10 17:06:12 DEBUG: Order 4 arrived: items_required = [321].     [orders_in_system = 5]
2026-09-10 17:06:12 DEBUG: Order 5 arrived: items_required = [359].     [orders_in_system = 6]
2026-09-10 17:06:12 DEBUG: Order 6 arrived: items_required = [205, 140, 228].     [orders_in_system = 7]
2026-09-10 17:06:12 DEBUG: Order 7 arrived: items_required = [247].     [orders_in_system = 8]
2026-09-10 17:06:12 DEBUG: Order 8 arrived: items_required = [253].     [orders_in_system = 9]
2026-09-10 17:06:12 DEBUG: Order 9 arrived: items_required = [129, 333].     [orders_in_system = 10]
2026-09-10 17:06:12 DEBUG: Order 10 arrived: items_required = [246, 207].     [orders_in_system = 11]
2026-09-10 17:06:12 DEBUG: Order 11 arrived: items_required = [152].     [orders_in_system = 12]
2026-09-10 17:06:12 DEBUG: Order 12 arrived: items_required = [245, 257].     [orders_in_system = 13]
2026-09-10 17:06:12 DEBUG: Order 13 arrived: items_required = [376].     [orders_in_system = 14]
2026-09-10 17:06:12 DEBUG: Order 14 arrived: items_required = [200, 330].     [orders_in_system = 15]
2026-09-10 17:06:12 DEBUG: Order 15 arrived: items_required = [454, 273].     [orders_in_system = 16]
2026-09-10 17:06:12 DEBUG: Order 16 arrived: items_required = [290, 305].     [orders_in_system = 17]
2026-09-10 17:06:12 DEBUG: Order 17 arrived: items_required = [112].     [orders_in_system = 18]
2026-09-10 17:06:12 DEBUG: Order 18 arrived: items_required = [144].     [orders_in_system = 19]
2026-09-10 17:06:12 DEBUG: Order 19 arrived: items_required = [342, 136].     [orders_in_system = 20]
2026-09-10 17:06:12 DEBUG: Order 20 arrived: items_required = [276, 359, 249].     [orders_in_system = 21]
2026-09-10 17:06:12 DEBUG: Order 21 arrived: items_required = [222].     [orders_in_system = 22]
2026-09-10 17:06:12 DEBUG: Order 22 arrived: items_required = [300, 237].     [orders_in_system = 23]
2026-09-10 17:06:12 DEBUG: Order 23 arrived: items_required = [261].     [orders_in_system = 24]
2026-09-10 17:06:12 DEBUG: Order 24 arrived: items_required = [298].     [orders_in_system = 25]
2026-09-10 17:06:12 DEBUG: Order 25 arrived: items_required = [181].     [orders_in_system = 26]
2026-09-10 17:06:12 DEBUG: Order 26 arrived: items_required = [138, 183, 371].     [orders_in_system = 27]
2026-09-10 17:06:12 DEBUG: Order 27 arrived: items_required = [326].     [orders_in_system = 28]
2026-09-10 17:06:12 DEBUG: Order 28 arrived: items_required = [168, 212].     [orders_in_system = 29]
2026-09-10 17:06:12 DEBUG: Order 29 arrived: items_required = [336, 322].     [orders_in_system = 30]
2026-09-10 17:06:12 DEBUG: Order 30 arrived: items_required = [488].     [orders_in_system = 31]
2026-09-10 17:06:12 DEBUG: Order 31 arrived: items_required = [267].     [orders_in_system = 32]
2026-09-10 17:06:12 DEBUG: Order 32 arrived: items_required = [298].     [orders_in_system = 33]
2026-09-10 17:06:12 DEBUG: Order 33 arrived: items_required = [78].     [orders_in_system = 34]
2026-09-10 17:06:12 DEBUG: Order 34 arrived: items_required = [214, 362, 311, 133].     [orders_in_system = 35]
2026-09-10 17:06:12 DEBUG: Order 35 arrived: items_required = [345].     [orders_in_system = 36]
2026-09-10 17:06:12 DEBUG: Order 36 arrived: items_required = [143].     [orders_in_system = 37]
2026-09-10 17:06:12 DEBUG: Order 37 arrived: items_required = [280, 275].     [orders_in_system = 38]
2026-09-10 17:06:12 DEBUG: Order 38 arrived: items_required = [206, 195].     [orders_in_system = 39]
2026-09-10 17:06:12 DEBUG: Order 39 arrived: items_required = [47, 188, 287, 191].     [orders_in_system = 40]
2026-09-10 17:06:12 DEBUG: Order 40 arrived: items_required = [75].     [orders_in_system = 41]
2026-09-10 17:06:12 DEBUG: Order 41 arrived: items_required = [351].     [orders_in_system = 42]
2026-09-10 17:06:12 DEBUG: Order 42 arrived: items_required = [105].     [orders_in_system = 43]
2026-09-10 17:06:12 DEBUG: Order 43 arrived: items_required = [140, 94].     [orders_in_system = 44]
2026-09-10 17:06:12 DEBUG: Order 44 arrived: items_required = [207, 220, 213].     [orders_in_system = 45]
2026-09-10 17:06:12 DEBUG: Order 45 arrived: items_required = [135].     [orders_in_system = 46]
2026-09-10 17:06:12 DEBUG: Order 46 arrived: items_required = [228].     [orders_in_system = 47]
2026-09-10 17:06:12 DEBUG: Order 47 arrived: items_required = [273, 153].     [orders_in_system = 48]
2026-09-10 17:06:12 DEBUG: Order 48 arrived: items_required = [193, 291, 177].     [orders_in_system = 49]
2026-09-10 17:06:12 DEBUG: Order 49 arrived: items_required = [330, 440, 264].     [orders_in_system = 50]
2026-09-10 17:06:12 DEBUG:    EVENT NUM 2     current_time = 00:00:01   RUN_OPTIMIZER         [queue size = 1]
2026-09-10 17:06:12 INFO: Solving stage 1 ... 
2026-09-10 17:06:12 INFO: 
[lns_stage1] start | 50 orders, 50 pods, 3 workstations (50 free to move) | budget 30s
2026-09-10 17:06:12 INFO: [lns_stage1] initial objective 49.7000
2026-09-10 17:06:12 INFO: [lns_stage1] iter 2 | objective 40.0000 | improved by 9.7000 | hole 25 orders | 0s elapsed
2026-09-10 17:06:12 INFO: [lns_stage1] iter 3 | objective 38.4000 | improved by 1.6000 | hole 25 orders | 0s elapsed
2026-09-10 17:06:12 INFO: [lns_stage1] iter 4 | objective 36.8000 | improved by 1.6000 | hole 25 orders | 0s elapsed
2026-09-10 17:06:12 INFO: [lns_stage1] iter 5 | objective 34.8000 | improved by 2.0000 | hole 25 orders | 0s elapsed
2026-09-10 17:06:12 INFO: [lns_stage1] iter 41 | objective 33.6000 | improved by 1.2000 | hole 25 orders | 1s elapsed
2026-09-10 17:06:15 INFO: [lns_stage1] done | 2.9s, 208 iterations | final objective 33.6000 
2026-09-10 17:06:15 INFO: Stage 1 solved.
2026-09-10 17:06:15 INFO: Solving stage 2 ... 
2026-09-10 17:06:15 INFO: 
[lns_stage2] start | 84 item order pairs, 18 pods, 3 workstations, 50 time steps | budget 300s
2026-09-10 17:06:15 INFO: [lns_stage2] initial objective 40.8116
2026-09-10 17:06:17 INFO: [lns_stage2] iter 3 | objective 51.3477 | improved by 10.5361 | hole 9 pods | 2s elapsed
2026-09-10 17:06:18 INFO: [lns_stage2] iter 4 | objective 57.7347 | improved by 6.3870 | hole 9 pods | 4s elapsed
2026-09-10 17:06:19 INFO: [lns_stage2] iter 6 | objective 58.1348 | improved by 0.4001 | hole 6 pods | 4s elapsed
2026-09-10 17:06:19 INFO: [lns_stage2] iter 7 | objective 60.8003 | improved by 2.6655 | hole 6 pods | 5s elapsed
2026-09-10 17:06:20 INFO: [lns_stage2] iter 8 | objective 60.9788 | improved by 0.1785 | hole 6 pods | 5s elapsed
2026-09-10 17:06:21 INFO: [lns_stage2] iter 11 | objective 71.5261 | improved by 10.5473 | hole 6 pods | 7s elapsed
2026-09-10 17:06:22 INFO: [lns_stage2] iter 12 | objective 72.4118 | improved by 0.8857 | hole 6 pods | 7s elapsed
2026-09-10 17:06:23 INFO: [lns_stage2] iter 13 | objective 73.3866 | improved by 0.9748 | hole 6 pods | 8s elapsed
2026-09-10 17:06:24 INFO: [lns_stage2] iter 15 | objective 73.5993 | improved by 0.2127 | hole 6 pods | 9s elapsed
2026-09-10 17:06:25 INFO: [lns_stage2] iter 18 | objective 73.8462 | improved by 0.2469 | hole 6 pods | 10s elapsed
2026-09-10 17:06:26 INFO: [lns_stage2] iter 20 | objective 74.0925 | improved by 0.2463 | hole 6 pods | 11s elapsed
2026-09-10 17:06:26 INFO: [lns_stage2] iter 22 | objective 74.2307 | improved by 0.1382 | hole 6 pods | 11s elapsed
2026-09-10 17:06:29 INFO: [lns_stage2] iter 26 | objective 77.4502 | improved by 3.2195 | hole 6 pods | 14s elapsed
2026-09-10 17:06:32 INFO: [lns_stage2] iter 32 | objective 78.2861 | improved by 0.8359 | hole 8 pods | 17s elapsed
2026-09-10 17:06:35 INFO: [lns_stage2] iter 39 | objective 80.2315 | improved by 1.9454 | hole 7 pods | 21s elapsed
2026-09-10 17:06:46 INFO: [lns_stage2] iter 64 | objective 80.2977 | improved by 0.0662 | hole 8 pods | 31s elapsed
2026-09-10 17:06:49 INFO: [lns_stage2] iter 73 | objective 81.0411 | improved by 0.7434 | hole 7 pods | 35s elapsed
2026-09-10 17:06:52 INFO: [lns_stage2] iter 79 | objective 81.1153 | improved by 0.0742 | hole 6 pods | 37s elapsed
2026-09-10 17:06:52 INFO: [lns_stage2] iter 80 | objective 81.2076 | improved by 0.0923 | hole 9 pods | 38s elapsed
2026-09-10 17:06:56 INFO: [lns_stage2] iter 89 | objective 81.7499 | improved by 0.5423 | hole 8 pods | 42s elapsed
2026-09-10 17:07:34 INFO: [lns_stage2] iter 205 | objective 81.7720 | improved by 0.0221 | hole 5 pods | 79s elapsed
2026-09-10 17:08:26 INFO: [lns_stage2] done | 131.3s, 361 iterations | final objective 81.7720 
2026-09-10 17:08:26 INFO: Stage 2 solved.
2026-09-10 17:08:26 DEBUG: Order 1 will be opened at workstation 0. [opened orders = 0 / 4]
2026-09-10 17:08:26 DEBUG: Order 24 will be opened at workstation 0. [opened orders = 0 / 4]
2026-09-10 17:08:26 DEBUG: Order 32 will be opened at workstation 0. [opened orders = 0 / 4]
2026-09-10 17:08:26 DEBUG: Order 35 will be opened at workstation 0. [opened orders = 0 / 4]
2026-09-10 17:08:26 DEBUG: Order 20 queued at workstation 0. [order_queue len = 1]
2026-09-10 17:08:26 DEBUG: Order 21 queued at workstation 0. [order_queue len = 2]
2026-09-10 17:08:26 DEBUG: Order 27 queued at workstation 0. [order_queue len = 3]
2026-09-10 17:08:26 DEBUG: Order 31 queued at workstation 0. [order_queue len = 4]
2026-09-10 17:08:26 DEBUG: Order 3 queued at workstation 0. [order_queue len = 5]
2026-09-10 17:08:26 DEBUG: Order 5 queued at workstation 0. [order_queue len = 6]
2026-09-10 17:08:26 DEBUG: Order 36 queued at workstation 0. [order_queue len = 7]
2026-09-10 17:08:26 DEBUG: Order 16 queued at workstation 0. [order_queue len = 8]
2026-09-10 17:08:26 DEBUG: Order 12 queued at workstation 0. [order_queue len = 9]
2026-09-10 17:08:26 DEBUG: Order 28 queued at workstation 0. [order_queue len = 10]
2026-09-10 17:08:26 DEBUG: Order 0 queued at workstation 0. [order_queue len = 11]
2026-09-10 17:08:26 DEBUG: Order 17 queued at workstation 0. [order_queue len = 12]
2026-09-10 17:08:26 DEBUG: Order 7 will be opened at workstation 1. [opened orders = 0 / 4]
2026-09-10 17:08:26 DEBUG: Order 19 will be opened at workstation 1. [opened orders = 0 / 4]
2026-09-10 17:08:26 DEBUG: Order 23 will be opened at workstation 1. [opened orders = 0 / 4]
2026-09-10 17:08:26 DEBUG: Order 33 will be opened at workstation 1. [opened orders = 0 / 4]
2026-09-10 17:08:26 DEBUG: Order 18 queued at workstation 1. [order_queue len = 1]
2026-09-10 17:08:26 DEBUG: Order 37 queued at workstation 1. [order_queue len = 2]
2026-09-10 17:08:26 DEBUG: Order 29 queued at workstation 1. [order_queue len = 3]
2026-09-10 17:08:26 DEBUG: Order 30 queued at workstation 1. [order_queue len = 4]
2026-09-10 17:08:26 DEBUG: Order 2 queued at workstation 1. [order_queue len = 5]
2026-09-10 17:08:26 DEBUG: Order 11 queued at workstation 1. [order_queue len = 6]
2026-09-10 17:08:26 DEBUG: Order 42 queued at workstation 1. [order_queue len = 7]
2026-09-10 17:08:26 DEBUG: Order 34 queued at workstation 1. [order_queue len = 8]
2026-09-10 17:08:26 DEBUG: Order 48 queued at workstation 1. [order_queue len = 9]
2026-09-10 17:08:26 DEBUG: Order 41 queued at workstation 1. [order_queue len = 10]
2026-09-10 17:08:26 DEBUG: Order 6 queued at workstation 1. [order_queue len = 11]
2026-09-10 17:08:26 DEBUG: Order 38 queued at workstation 1. [order_queue len = 12]
2026-09-10 17:08:26 DEBUG: Order 46 queued at workstation 1. [order_queue len = 13]
2026-09-10 17:08:26 DEBUG: Order 43 queued at workstation 1. [order_queue len = 14]
2026-09-10 17:08:26 DEBUG: Order 44 queued at workstation 1. [order_queue len = 15]
2026-09-10 17:08:26 DEBUG: Order 4 will be opened at workstation 2. [opened orders = 0 / 4]
2026-09-10 17:08:26 DEBUG: Order 9 will be opened at workstation 2. [opened orders = 0 / 4]
2026-09-10 17:08:26 DEBUG: Order 10 will be opened at workstation 2. [opened orders = 0 / 4]
2026-09-10 17:08:26 DEBUG: Order 40 will be opened at workstation 2. [opened orders = 0 / 4]
2026-09-10 17:08:26 DEBUG: Order 13 queued at workstation 2. [order_queue len = 1]
2026-09-10 17:08:26 DEBUG: Order 45 queued at workstation 2. [order_queue len = 2]
2026-09-10 17:08:26 DEBUG: Order 22 queued at workstation 2. [order_queue len = 3]
2026-09-10 17:08:26 DEBUG: Order 25 queued at workstation 2. [order_queue len = 4]
2026-09-10 17:08:26 DEBUG: Order 8 queued at workstation 2. [order_queue len = 5]
2026-09-10 17:08:26 DEBUG: Order 15 queued at workstation 2. [order_queue len = 6]
2026-09-10 17:08:26 DEBUG: Order 26 queued at workstation 2. [order_queue len = 7]
2026-09-10 17:08:26 DEBUG: Order 14 queued at workstation 2. [order_queue len = 8]
2026-09-10 17:08:26 DEBUG: Order 47 queued at workstation 2. [order_queue len = 9]
2026-09-10 17:08:26 DEBUG: Order 39 queued at workstation 2. [order_queue len = 10]
2026-09-10 17:08:26 DEBUG: Order 49 queued at workstation 2. [order_queue len = 11]
2026-09-10 17:08:26 WARNING: Task designing ended. Optimizer designed 34 tasks.
2026-09-10 17:08:26 DEBUG:    EVENT NUM 3     current_time = 00:00:01   RELEASE_TASK          [queue size = 47]
2026-09-10 17:08:26 DEBUG: Task 0 released: pod 48 required by workstation(s) [0].  [released tasks = 1]
2026-09-10 17:08:26 DEBUG:    EVENT NUM 4     current_time = 00:00:01   OPEN_ORDER            [queue size = 47]
2026-09-10 17:08:26 DEBUG: Order 1 (skus required = {290}) opened at workstation 0.   [open_orders = 1/4]
2026-09-10 17:08:26 DEBUG:    EVENT NUM 5     current_time = 00:00:01   OPEN_ORDER            [queue size = 47]
2026-09-10 17:08:26 DEBUG: Order 24 (skus required = {298}) opened at workstation 0.   [open_orders = 2/4]
2026-09-10 17:08:26 DEBUG:    EVENT NUM 6     current_time = 00:00:01   OPEN_ORDER            [queue size = 47]
2026-09-10 17:08:26 DEBUG: Order 32 (skus required = {298}) opened at workstation 0.   [open_orders = 3/4]
2026-09-10 17:08:26 DEBUG:    EVENT NUM 7     current_time = 00:00:01   OPEN_ORDER            [queue size = 47]
2026-09-10 17:08:26 DEBUG: Order 35 (skus required = {345}) opened at workstation 0.   [open_orders = 4/4]
2026-09-10 17:08:26 DEBUG:    EVENT NUM 8     current_time = 00:00:01   OPEN_ORDER            [queue size = 47]
2026-09-10 17:08:26 DEBUG: Order 7 (skus required = {247}) opened at workstation 1.   [open_orders = 1/4]
2026-09-10 17:08:26 DEBUG:    EVENT NUM 9     current_time = 00:00:01   OPEN_ORDER            [queue size = 47]
2026-09-10 17:08:26 DEBUG: Order 19 (skus required = {136, 342}) opened at workstation 1.   [open_orders = 2/4]
2026-09-10 17:08:26 DEBUG:    EVENT NUM 10    current_time = 00:00:01   OPEN_ORDER            [queue size = 47]
2026-09-10 17:08:26 DEBUG: Order 23 (skus required = {261}) opened at workstation 1.   [open_orders = 3/4]
2026-09-10 17:08:26 DEBUG:    EVENT NUM 11    current_time = 00:00:01   OPEN_ORDER            [queue size = 47]
2026-09-10 17:08:26 DEBUG: Order 33 (skus required = {78}) opened at workstation 1.   [open_orders = 4/4]
2026-09-10 17:08:26 DEBUG:    EVENT NUM 12    current_time = 00:00:01   OPEN_ORDER            [queue size = 47]
2026-09-10 17:08:26 DEBUG: Order 4 (skus required = {321}) opened at workstation 2.   [open_orders = 1/4]
2026-09-10 17:08:26 DEBUG:    EVENT NUM 13    current_time = 00:00:01   OPEN_ORDER            [queue size = 47]
2026-09-10 17:08:26 DEBUG: Order 9 (skus required = {129, 333}) opened at workstation 2.   [open_orders = 2/4]
2026-09-10 17:08:26 DEBUG:    EVENT NUM 14    current_time = 00:00:01   OPEN_ORDER            [queue size = 47]
2026-09-10 17:08:26 DEBUG: Order 10 (skus required = {246, 207}) opened at workstation 2.   [open_orders = 3/4]
2026-09-10 17:08:26 DEBUG:    EVENT NUM 15    current_time = 00:00:01   OPEN_ORDER            [queue size = 47]
2026-09-10 17:08:26 DEBUG: Order 40 (skus required = {75}) opened at workstation 2.   [open_orders = 4/4]
2026-09-10 17:08:26 DEBUG:    EVENT NUM 16    current_time = 00:00:01   START_TASK            [queue size = 47]
2026-09-10 17:08:26 DEBUG: Task 0 selected (pod 48) at depth 0 (0 non-servable, 0 pod-busy skipped before it)
2026-09-10 17:08:26 DEBUG: Task 0 started: robot 1 -> pod 48 -> workstation 0 for orders {32, 1, 35, 20, 24} (arrival = 38.1 s).   [idle robots = 4/5]
2026-09-10 17:08:26 DEBUG:    EVENT NUM 17    current_time = 00:00:01   START_TASK            [queue size = 47]
2026-09-10 17:08:26 DEBUG: No released tasks.
2026-09-10 17:08:26 DEBUG:    EVENT NUM 18    current_time = 00:00:01   START_TASK            [queue size = 46]
2026-09-10 17:08:26 DEBUG: No released tasks.
2026-09-10 17:08:26 DEBUG:    EVENT NUM 19    current_time = 00:00:01   START_TASK            [queue size = 45]
2026-09-10 17:08:26 DEBUG: No released tasks.
2026-09-10 17:08:26 DEBUG:    EVENT NUM 20    current_time = 00:00:01   START_TASK            [queue size = 44]
2026-09-10 17:08:26 DEBUG: No released tasks.
2026-09-10 17:08:26 DEBUG:    EVENT NUM 21    current_time = 00:00:01   START_TASK            [queue size = 43]
2026-09-10 17:08:26 DEBUG: No released tasks.
2026-09-10 17:08:26 DEBUG:    EVENT NUM 22    current_time = 00:00:01   START_TASK            [queue size = 42]
2026-09-10 17:08:26 DEBUG: No released tasks.
2026-09-10 17:08:26 DEBUG:    EVENT NUM 23    current_time = 00:00:01   START_TASK            [queue size = 41]
2026-09-10 17:08:26 DEBUG: No released tasks.
2026-09-10 17:08:26 DEBUG:    EVENT NUM 24    current_time = 00:00:01   START_TASK            [queue size = 40]
2026-09-10 17:08:26 DEBUG: No released tasks.
2026-09-10 17:08:26 DEBUG:    EVENT NUM 25    current_time = 00:00:01   START_TASK            [queue size = 39]
2026-09-10 17:08:26 DEBUG: No released tasks.
2026-09-10 17:08:26 DEBUG:    EVENT NUM 26    current_time = 00:00:01   START_TASK            [queue size = 38]
2026-09-10 17:08:26 DEBUG: No released tasks.
2026-09-10 17:08:26 DEBUG:    EVENT NUM 27    current_time = 00:00:01   START_TASK            [queue size = 37]
2026-09-10 17:08:26 DEBUG: No released tasks.
2026-09-10 17:08:26 DEBUG:    EVENT NUM 28    current_time = 00:00:01   START_TASK            [queue size = 36]
2026-09-10 17:08:26 DEBUG: No released tasks.
2026-09-10 17:08:26 INFO:   END SIMULATION.

2026-09-10 17:08:26 INFO: Writing statistics report ...
2026-09-10 17:08:26 INFO: Report saved to: c:\Users\chiod\Documents\OMERO_TaskDesign\Simulator\output\reports\heuristic\Opt_True\report_0_OptTrue_Seed570183.txt
