2026-09-10 17:12:03 INFO: Warehouse initialization | grid=5x10, physical=14x15, num_skus=500, num_robots=5, num_ws=3
2026-09-10 17:12:03 INFO: Warehouse initialized | 50 pods  (average number of skus per pod = 30.00), 3 workstations, 5 robots
2026-09-10 17:12:03 INFO: [OptManager] Building time-space network ...
2026-09-10 17:12:03 INFO: [OptManager] Network ready: 2650 nodes, 14602 travelling arcs, 2597 idle arcs.
2026-09-10 17:12:03 INFO: 
=============================================
2026-09-10 17:12:03 INFO:   START SIMULATION  {TIME HORIZON = 00:00:02}
2026-09-10 17:12:03 DEBUG:    EVENT NUM 1     current_time = 00:00:00   ARRIVAL_ORDER         [queue size = 1]
2026-09-10 17:12:03 DEBUG: Order 0 arrived: items_required = [159, 206].     [orders_in_system = 1]
2026-09-10 17:12:03 DEBUG: Order 1 arrived: items_required = [328].     [orders_in_system = 2]
2026-09-10 17:12:03 DEBUG: Order 2 arrived: items_required = [179].     [orders_in_system = 3]
2026-09-10 17:12:03 DEBUG: Order 3 arrived: items_required = [267].     [orders_in_system = 4]
2026-09-10 17:12:03 DEBUG: Order 4 arrived: items_required = [199, 265].     [orders_in_system = 5]
2026-09-10 17:12:03 DEBUG: Order 5 arrived: items_required = [237, 136].     [orders_in_system = 6]
2026-09-10 17:12:03 DEBUG: Order 6 arrived: items_required = [225].     [orders_in_system = 7]
2026-09-10 17:12:03 DEBUG: Order 7 arrived: items_required = [220].     [orders_in_system = 8]
2026-09-10 17:12:03 DEBUG: Order 8 arrived: items_required = [175].     [orders_in_system = 9]
2026-09-10 17:12:03 DEBUG: Order 9 arrived: items_required = [302].     [orders_in_system = 10]
2026-09-10 17:12:03 DEBUG: Order 10 arrived: items_required = [209, 250, 304, 123, 292].     [orders_in_system = 11]
2026-09-10 17:12:03 DEBUG: Order 11 arrived: items_required = [223].     [orders_in_system = 12]
2026-09-10 17:12:03 DEBUG: Order 12 arrived: items_required = [233].     [orders_in_system = 13]
2026-09-10 17:12:03 DEBUG: Order 13 arrived: items_required = [315, 321].     [orders_in_system = 14]
2026-09-10 17:12:03 DEBUG: Order 14 arrived: items_required = [241, 207].     [orders_in_system = 15]
2026-09-10 17:12:03 DEBUG: Order 15 arrived: items_required = [355].     [orders_in_system = 16]
2026-09-10 17:12:03 DEBUG: Order 16 arrived: items_required = [146, 219, 300].     [orders_in_system = 17]
2026-09-10 17:12:03 DEBUG: Order 17 arrived: items_required = [130, 329].     [orders_in_system = 18]
2026-09-10 17:12:03 DEBUG: Order 18 arrived: items_required = [285, 56, 324].     [orders_in_system = 19]
2026-09-10 17:12:03 DEBUG: Order 19 arrived: items_required = [280].     [orders_in_system = 20]
2026-09-10 17:12:03 DEBUG: Order 20 arrived: items_required = [415].     [orders_in_system = 21]
2026-09-10 17:12:03 DEBUG: Order 21 arrived: items_required = [104, 163, 167].     [orders_in_system = 22]
2026-09-10 17:12:03 DEBUG: Order 22 arrived: items_required = [350].     [orders_in_system = 23]
2026-09-10 17:12:03 DEBUG: Order 23 arrived: items_required = [196].     [orders_in_system = 24]
2026-09-10 17:12:03 DEBUG: Order 24 arrived: items_required = [288, 294].     [orders_in_system = 25]
2026-09-10 17:12:03 DEBUG: Order 25 arrived: items_required = [305, 305, 135].     [orders_in_system = 26]
2026-09-10 17:12:03 DEBUG: Order 26 arrived: items_required = [187, 157].     [orders_in_system = 27]
2026-09-10 17:12:03 DEBUG: Order 27 arrived: items_required = [283].     [orders_in_system = 28]
2026-09-10 17:12:03 DEBUG: Order 28 arrived: items_required = [200].     [orders_in_system = 29]
2026-09-10 17:12:03 DEBUG: Order 29 arrived: items_required = [173].     [orders_in_system = 30]
2026-09-10 17:12:03 DEBUG: Order 30 arrived: items_required = [238].     [orders_in_system = 31]
2026-09-10 17:12:03 DEBUG: Order 31 arrived: items_required = [158].     [orders_in_system = 32]
2026-09-10 17:12:03 DEBUG: Order 32 arrived: items_required = [292].     [orders_in_system = 33]
2026-09-10 17:12:03 DEBUG: Order 33 arrived: items_required = [262].     [orders_in_system = 34]
2026-09-10 17:12:03 DEBUG: Order 34 arrived: items_required = [219].     [orders_in_system = 35]
2026-09-10 17:12:03 DEBUG: Order 35 arrived: items_required = [376, 269].     [orders_in_system = 36]
2026-09-10 17:12:03 DEBUG: Order 36 arrived: items_required = [264].     [orders_in_system = 37]
2026-09-10 17:12:03 DEBUG: Order 37 arrived: items_required = [359, 163].     [orders_in_system = 38]
2026-09-10 17:12:03 DEBUG: Order 38 arrived: items_required = [264, 383, 137].     [orders_in_system = 39]
2026-09-10 17:12:03 DEBUG: Order 39 arrived: items_required = [266].     [orders_in_system = 40]
2026-09-10 17:12:03 DEBUG: Order 40 arrived: items_required = [125].     [orders_in_system = 41]
2026-09-10 17:12:03 DEBUG: Order 41 arrived: items_required = [295, 183].     [orders_in_system = 42]
2026-09-10 17:12:03 DEBUG: Order 42 arrived: items_required = [265, 319, 316].     [orders_in_system = 43]
2026-09-10 17:12:03 DEBUG: Order 43 arrived: items_required = [355, 235, 265].     [orders_in_system = 44]
2026-09-10 17:12:03 DEBUG: Order 44 arrived: items_required = [218].     [orders_in_system = 45]
2026-09-10 17:12:03 DEBUG: Order 45 arrived: items_required = [218, 174].     [orders_in_system = 46]
2026-09-10 17:12:03 DEBUG: Order 46 arrived: items_required = [224].     [orders_in_system = 47]
2026-09-10 17:12:03 DEBUG: Order 47 arrived: items_required = [217, 202].     [orders_in_system = 48]
2026-09-10 17:12:03 DEBUG: Order 48 arrived: items_required = [327, 333].     [orders_in_system = 49]
2026-09-10 17:12:03 DEBUG: Order 49 arrived: items_required = [214, 177, 449].     [orders_in_system = 50]
2026-09-10 17:12:03 DEBUG:    EVENT NUM 2     current_time = 00:00:01   RUN_OPTIMIZER         [queue size = 1]
2026-09-10 17:12:03 INFO: Solving stage 1 ... 
2026-09-10 17:12:03 INFO: 
[lns_stage1] start | 50 orders, 50 pods, 3 workstations (50 free to move) | budget 30s
2026-09-10 17:12:03 INFO: [lns_stage1] initial objective 47.9000
2026-09-10 17:12:03 INFO: [lns_stage1] iter 3 | objective 46.7000 | improved by 1.2000 | hole 25 orders | 0s elapsed
2026-09-10 17:12:03 INFO: [lns_stage1] iter 4 | objective 44.8000 | improved by 1.9000 | hole 25 orders | 0s elapsed
2026-09-10 17:12:04 INFO: [lns_stage1] iter 7 | objective 43.4000 | improved by 1.4000 | hole 20 orders | 0s elapsed
2026-09-10 17:12:04 INFO: [lns_stage1] iter 9 | objective 41.5000 | improved by 1.9000 | hole 20 orders | 0s elapsed
2026-09-10 17:12:04 INFO: [lns_stage1] iter 17 | objective 41.1000 | improved by 0.4000 | hole 20 orders | 1s elapsed
2026-09-10 17:12:04 INFO: [lns_stage1] iter 19 | objective 40.8000 | improved by 0.3000 | hole 20 orders | 1s elapsed
2026-09-10 17:12:04 INFO: [lns_stage1] iter 22 | objective 40.6000 | improved by 0.2000 | hole 20 orders | 1s elapsed
2026-09-10 17:12:05 INFO: [lns_stage1] iter 39 | objective 38.6000 | improved by 2.0000 | hole 20 orders | 1s elapsed
2026-09-10 17:12:06 INFO: [lns_stage1] iter 110 | objective 38.4000 | improved by 0.2000 | hole 20 orders | 3s elapsed
2026-09-10 17:12:06 INFO: [lns_stage1] iter 113 | objective 36.7000 | improved by 1.7000 | hole 25 orders | 3s elapsed
2026-09-10 17:12:06 INFO: [lns_stage1] iter 126 | objective 36.5000 | improved by 0.2000 | hole 20 orders | 3s elapsed
2026-09-10 17:12:09 INFO: [lns_stage1] done | 6.1s, 292 iterations | final objective 36.5000 
2026-09-10 17:12:09 INFO: Stage 1 solved.
2026-09-10 17:12:09 INFO: Solving stage 2 ... 
2026-09-10 17:12:09 INFO: 
[lns_stage2] start | 83 item order pairs, 19 pods, 3 workstations, 50 time steps | budget 300s
2026-09-10 17:12:10 INFO: [lns_stage2] initial objective 21.6868
2026-09-10 17:12:11 INFO: [lns_stage2] iter 4 | objective 24.8193 | improved by 3.1325 | hole 6 pods | 1s elapsed
2026-09-10 17:12:12 INFO: [lns_stage2] iter 5 | objective 32.8752 | improved by 8.0559 | hole 6 pods | 2s elapsed
2026-09-10 17:12:12 INFO: [lns_stage2] iter 6 | objective 43.7775 | improved by 10.9023 | hole 6 pods | 3s elapsed
2026-09-10 17:12:13 INFO: [lns_stage2] iter 7 | objective 45.0943 | improved by 1.3168 | hole 6 pods | 4s elapsed
2026-09-10 17:12:14 INFO: [lns_stage2] iter 8 | objective 63.6914 | improved by 18.5971 | hole 6 pods | 5s elapsed
2026-09-10 17:12:15 INFO: [lns_stage2] iter 9 | objective 63.8683 | improved by 0.1769 | hole 6 pods | 6s elapsed
2026-09-10 17:12:17 INFO: [lns_stage2] iter 10 | objective 70.9078 | improved by 7.0395 | hole 9 pods | 8s elapsed
2026-09-10 17:12:18 INFO: [lns_stage2] iter 11 | objective 75.7767 | improved by 4.8689 | hole 9 pods | 9s elapsed
2026-09-10 17:12:21 INFO: [lns_stage2] iter 18 | objective 76.2117 | improved by 0.4350 | hole 8 pods | 12s elapsed
2026-09-10 17:12:22 INFO: [lns_stage2] iter 19 | objective 78.0852 | improved by 1.8735 | hole 8 pods | 13s elapsed
2026-09-10 17:12:23 INFO: [lns_stage2] iter 21 | objective 78.1716 | improved by 0.0864 | hole 8 pods | 14s elapsed
2026-09-10 17:12:24 INFO: [lns_stage2] iter 23 | objective 78.2861 | improved by 0.1145 | hole 8 pods | 15s elapsed
2026-09-10 17:12:28 INFO: [lns_stage2] iter 31 | objective 78.3462 | improved by 0.0601 | hole 7 pods | 18s elapsed
2026-09-10 17:12:29 INFO: [lns_stage2] iter 33 | objective 78.9833 | improved by 0.6371 | hole 7 pods | 20s elapsed
2026-09-10 17:12:38 INFO: [lns_stage2] iter 47 | objective 79.0576 | improved by 0.0743 | hole 10 pods | 29s elapsed
2026-09-10 17:12:45 INFO: [lns_stage2] iter 64 | objective 79.1058 | improved by 0.0482 | hole 7 pods | 36s elapsed
2026-09-10 17:12:46 INFO: [lns_stage2] iter 65 | objective 79.6349 | improved by 0.5291 | hole 10 pods | 37s elapsed
2026-09-10 17:12:48 INFO: [lns_stage2] iter 67 | objective 79.6570 | improved by 0.0221 | hole 7 pods | 38s elapsed
2026-09-10 17:12:53 INFO: [lns_stage2] iter 74 | objective 79.7392 | improved by 0.0822 | hole 9 pods | 43s elapsed
2026-09-10 17:12:59 INFO: [lns_stage2] iter 90 | objective 79.9239 | improved by 0.1847 | hole 9 pods | 50s elapsed
2026-09-10 17:13:04 INFO: [lns_stage2] iter 94 | objective 79.9842 | improved by 0.0603 | hole 9 pods | 54s elapsed
2026-09-10 17:14:03 INFO: [lns_stage2] done | 113.4s, 250 iterations | final objective 79.9842 
2026-09-10 17:14:03 INFO: Stage 2 solved.
2026-09-10 17:14:03 DEBUG: Order 7 will be opened at workstation 0. [opened orders = 0 / 4]
2026-09-10 17:14:03 DEBUG: Order 23 will be opened at workstation 0. [opened orders = 0 / 4]
2026-09-10 17:14:03 DEBUG: Order 49 will be opened at workstation 0. [opened orders = 0 / 4]
2026-09-10 17:14:03 DEBUG: Order 15 will be opened at workstation 0. [opened orders = 0 / 4]
2026-09-10 17:14:03 DEBUG: Order 33 queued at workstation 0. [order_queue len = 1]
2026-09-10 17:14:03 DEBUG: Order 35 queued at workstation 0. [order_queue len = 2]
2026-09-10 17:14:03 DEBUG: Order 1 queued at workstation 0. [order_queue len = 3]
2026-09-10 17:14:03 DEBUG: Order 22 queued at workstation 0. [order_queue len = 4]
2026-09-10 17:14:03 DEBUG: Order 28 queued at workstation 0. [order_queue len = 5]
2026-09-10 17:14:03 DEBUG: Order 39 queued at workstation 0. [order_queue len = 6]
2026-09-10 17:14:03 DEBUG: Order 18 queued at workstation 0. [order_queue len = 7]
2026-09-10 17:14:03 DEBUG: Order 30 queued at workstation 0. [order_queue len = 8]
2026-09-10 17:14:03 DEBUG: Order 32 queued at workstation 0. [order_queue len = 9]
2026-09-10 17:14:03 DEBUG: Order 44 queued at workstation 0. [order_queue len = 10]
2026-09-10 17:14:03 DEBUG: Order 4 queued at workstation 0. [order_queue len = 11]
2026-09-10 17:14:03 DEBUG: Order 43 queued at workstation 0. [order_queue len = 12]
2026-09-10 17:14:03 DEBUG: Order 27 queued at workstation 0. [order_queue len = 13]
2026-09-10 17:14:03 DEBUG: Order 13 queued at workstation 0. [order_queue len = 14]
2026-09-10 17:14:03 DEBUG: Order 24 will be opened at workstation 1. [opened orders = 0 / 4]
2026-09-10 17:14:03 DEBUG: Order 25 will be opened at workstation 1. [opened orders = 0 / 4]
2026-09-10 17:14:03 DEBUG: Order 0 will be opened at workstation 1. [opened orders = 0 / 4]
2026-09-10 17:14:03 DEBUG: Order 5 will be opened at workstation 1. [opened orders = 0 / 4]
2026-09-10 17:14:03 DEBUG: Order 9 queued at workstation 1. [order_queue len = 1]
2026-09-10 17:14:03 DEBUG: Order 17 queued at workstation 1. [order_queue len = 2]
2026-09-10 17:14:03 DEBUG: Order 11 queued at workstation 1. [order_queue len = 3]
2026-09-10 17:14:03 DEBUG: Order 45 queued at workstation 1. [order_queue len = 4]
2026-09-10 17:14:03 DEBUG: Order 2 queued at workstation 1. [order_queue len = 5]
2026-09-10 17:14:03 DEBUG: Order 3 queued at workstation 1. [order_queue len = 6]
2026-09-10 17:14:03 DEBUG: Order 14 queued at workstation 1. [order_queue len = 7]
2026-09-10 17:14:03 DEBUG: Order 47 queued at workstation 1. [order_queue len = 8]
2026-09-10 17:14:03 DEBUG: Order 48 queued at workstation 1. [order_queue len = 9]
2026-09-10 17:14:03 DEBUG: Order 29 queued at workstation 1. [order_queue len = 10]
2026-09-10 17:14:03 DEBUG: Order 31 queued at workstation 1. [order_queue len = 11]
2026-09-10 17:14:03 DEBUG: Order 20 queued at workstation 1. [order_queue len = 12]
2026-09-10 17:14:03 DEBUG: Order 10 queued at workstation 1. [order_queue len = 13]
2026-09-10 17:14:03 DEBUG: Order 16 queued at workstation 1. [order_queue len = 14]
2026-09-10 17:14:03 DEBUG: Order 34 will be opened at workstation 2. [opened orders = 0 / 4]
2026-09-10 17:14:03 DEBUG: Order 37 will be opened at workstation 2. [opened orders = 0 / 4]
2026-09-10 17:14:03 DEBUG: Order 41 will be opened at workstation 2. [opened orders = 0 / 4]
2026-09-10 17:14:03 DEBUG: Order 40 will be opened at workstation 2. [opened orders = 0 / 4]
2026-09-10 17:14:03 DEBUG: Order 12 queued at workstation 2. [order_queue len = 1]
2026-09-10 17:14:03 DEBUG: Order 46 queued at workstation 2. [order_queue len = 2]
2026-09-10 17:14:03 DEBUG: Order 38 queued at workstation 2. [order_queue len = 3]
2026-09-10 17:14:03 DEBUG: Order 19 queued at workstation 2. [order_queue len = 4]
2026-09-10 17:14:03 DEBUG: Order 36 queued at workstation 2. [order_queue len = 5]
2026-09-10 17:14:03 DEBUG: Order 6 queued at workstation 2. [order_queue len = 6]
2026-09-10 17:14:03 DEBUG: Order 42 queued at workstation 2. [order_queue len = 7]
2026-09-10 17:14:03 DEBUG: Order 8 queued at workstation 2. [order_queue len = 8]
2026-09-10 17:14:03 DEBUG: Order 26 queued at workstation 2. [order_queue len = 9]
2026-09-10 17:14:03 DEBUG: Order 21 queued at workstation 2. [order_queue len = 10]
2026-09-10 17:14:03 WARNING: Task designing ended. Optimizer designed 39 tasks.
2026-09-10 17:14:03 DEBUG:    EVENT NUM 3     current_time = 00:00:01   RELEASE_TASK          [queue size = 52]
2026-09-10 17:14:03 DEBUG: Task 0 released: pod 48 required by workstation(s) [2, 1].  [released tasks = 1]
2026-09-10 17:14:03 DEBUG:    EVENT NUM 4     current_time = 00:00:01   OPEN_ORDER            [queue size = 52]
2026-09-10 17:14:03 DEBUG: Order 7 (skus required = {220}) opened at workstation 0.   [open_orders = 1/4]
2026-09-10 17:14:03 DEBUG:    EVENT NUM 5     current_time = 00:00:01   OPEN_ORDER            [queue size = 52]
2026-09-10 17:14:03 DEBUG: Order 23 (skus required = {196}) opened at workstation 0.   [open_orders = 2/4]
2026-09-10 17:14:03 DEBUG:    EVENT NUM 6     current_time = 00:00:01   OPEN_ORDER            [queue size = 52]
2026-09-10 17:14:03 DEBUG: Order 49 (skus required = {177, 449, 214}) opened at workstation 0.   [open_orders = 3/4]
2026-09-10 17:14:03 DEBUG:    EVENT NUM 7     current_time = 00:00:01   OPEN_ORDER            [queue size = 52]
2026-09-10 17:14:03 DEBUG: Order 15 (skus required = {355}) opened at workstation 0.   [open_orders = 4/4]
2026-09-10 17:14:03 DEBUG:    EVENT NUM 8     current_time = 00:00:01   OPEN_ORDER            [queue size = 52]
2026-09-10 17:14:03 DEBUG: Order 24 (skus required = {288, 294}) opened at workstation 1.   [open_orders = 1/4]
2026-09-10 17:14:03 DEBUG:    EVENT NUM 9     current_time = 00:00:01   OPEN_ORDER            [queue size = 52]
2026-09-10 17:14:03 DEBUG: Order 25 (skus required = {305, 135}) opened at workstation 1.   [open_orders = 2/4]
2026-09-10 17:14:03 DEBUG:    EVENT NUM 10    current_time = 00:00:01   OPEN_ORDER            [queue size = 52]
2026-09-10 17:14:03 DEBUG: Order 0 (skus required = {206, 159}) opened at workstation 1.   [open_orders = 3/4]
2026-09-10 17:14:03 DEBUG:    EVENT NUM 11    current_time = 00:00:01   OPEN_ORDER            [queue size = 52]
2026-09-10 17:14:03 DEBUG: Order 5 (skus required = {136, 237}) opened at workstation 1.   [open_orders = 4/4]
2026-09-10 17:14:03 DEBUG:    EVENT NUM 12    current_time = 00:00:01   OPEN_ORDER            [queue size = 52]
2026-09-10 17:14:03 DEBUG: Order 34 (skus required = {219}) opened at workstation 2.   [open_orders = 1/4]
2026-09-10 17:14:03 DEBUG:    EVENT NUM 13    current_time = 00:00:01   OPEN_ORDER            [queue size = 52]
2026-09-10 17:14:03 DEBUG: Order 37 (skus required = {163, 359}) opened at workstation 2.   [open_orders = 2/4]
2026-09-10 17:14:03 DEBUG:    EVENT NUM 14    current_time = 00:00:01   OPEN_ORDER            [queue size = 52]
2026-09-10 17:14:03 DEBUG: Order 41 (skus required = {183, 295}) opened at workstation 2.   [open_orders = 3/4]
2026-09-10 17:14:03 DEBUG:    EVENT NUM 15    current_time = 00:00:01   OPEN_ORDER            [queue size = 52]
2026-09-10 17:14:03 DEBUG: Order 40 (skus required = {125}) opened at workstation 2.   [open_orders = 4/4]
2026-09-10 17:14:03 DEBUG:    EVENT NUM 16    current_time = 00:00:01   START_TASK            [queue size = 52]
2026-09-10 17:14:03 DEBUG: Task 0 selected (pod 48) at depth 0 (0 non-servable, 0 pod-busy skipped before it)
2026-09-10 17:14:03 DEBUG: Task 0 started: robot 2 -> pod 48 -> workstation 2 for orders {41, 34, 37} (arrival = 17.4 s).   [idle robots = 4/5]
2026-09-10 17:14:03 DEBUG:    EVENT NUM 17    current_time = 00:00:01   START_TASK            [queue size = 52]
2026-09-10 17:14:03 DEBUG: No released tasks.
2026-09-10 17:14:03 DEBUG:    EVENT NUM 18    current_time = 00:00:01   START_TASK            [queue size = 51]
2026-09-10 17:14:03 DEBUG: No released tasks.
2026-09-10 17:14:03 DEBUG:    EVENT NUM 19    current_time = 00:00:01   START_TASK            [queue size = 50]
2026-09-10 17:14:03 DEBUG: No released tasks.
2026-09-10 17:14:03 DEBUG:    EVENT NUM 20    current_time = 00:00:01   START_TASK            [queue size = 49]
2026-09-10 17:14:03 DEBUG: No released tasks.
2026-09-10 17:14:03 DEBUG:    EVENT NUM 21    current_time = 00:00:01   START_TASK            [queue size = 48]
2026-09-10 17:14:03 DEBUG: No released tasks.
2026-09-10 17:14:03 DEBUG:    EVENT NUM 22    current_time = 00:00:01   START_TASK            [queue size = 47]
2026-09-10 17:14:03 DEBUG: No released tasks.
2026-09-10 17:14:03 DEBUG:    EVENT NUM 23    current_time = 00:00:01   START_TASK            [queue size = 46]
2026-09-10 17:14:03 DEBUG: No released tasks.
2026-09-10 17:14:03 DEBUG:    EVENT NUM 24    current_time = 00:00:01   START_TASK            [queue size = 45]
2026-09-10 17:14:03 DEBUG: No released tasks.
2026-09-10 17:14:03 DEBUG:    EVENT NUM 25    current_time = 00:00:01   START_TASK            [queue size = 44]
2026-09-10 17:14:03 DEBUG: No released tasks.
2026-09-10 17:14:03 DEBUG:    EVENT NUM 26    current_time = 00:00:01   START_TASK            [queue size = 43]
2026-09-10 17:14:03 DEBUG: No released tasks.
2026-09-10 17:14:03 DEBUG:    EVENT NUM 27    current_time = 00:00:01   START_TASK            [queue size = 42]
2026-09-10 17:14:03 DEBUG: No released tasks.
2026-09-10 17:14:03 DEBUG:    EVENT NUM 28    current_time = 00:00:01   START_TASK            [queue size = 41]
2026-09-10 17:14:03 DEBUG: No released tasks.
2026-09-10 17:14:03 INFO:   END SIMULATION.

2026-09-10 17:14:03 INFO: Writing statistics report ...
2026-09-10 17:14:03 INFO: Report saved to: c:\Users\chiod\Documents\OMERO_TaskDesign\Simulator\output\reports\heuristic\Opt_True\report_0_OptTrue_Seed612937.txt
