2026-09-10 16:53:26 INFO: Warehouse initialization | grid=5x10, physical=14x15, num_skus=500, num_robots=5, num_ws=3
2026-09-10 16:53:26 INFO: Warehouse initialized | 50 pods  (average number of skus per pod = 30.00), 3 workstations, 5 robots
2026-09-10 16:53:26 INFO: [OptManager] Building time-space network ...
2026-09-10 16:53:26 INFO: [OptManager] Network ready: 2650 nodes, 14602 travelling arcs, 2597 idle arcs.
2026-09-10 16:53:26 INFO: 
=============================================
2026-09-10 16:53:26 INFO:   START SIMULATION  {TIME HORIZON = 00:00:02}
2026-09-10 16:53:26 DEBUG:    EVENT NUM 1     current_time = 00:00:00   ARRIVAL_ORDER         [queue size = 1]
2026-09-10 16:53:26 DEBUG: Order 0 arrived: items_required = [193].     [orders_in_system = 1]
2026-09-10 16:53:26 DEBUG: Order 1 arrived: items_required = [170].     [orders_in_system = 2]
2026-09-10 16:53:26 DEBUG: Order 2 arrived: items_required = [258, 186].     [orders_in_system = 3]
2026-09-10 16:53:26 DEBUG: Order 3 arrived: items_required = [252, 426].     [orders_in_system = 4]
2026-09-10 16:53:26 DEBUG: Order 4 arrived: items_required = [279].     [orders_in_system = 5]
2026-09-10 16:53:26 DEBUG: Order 5 arrived: items_required = [261].     [orders_in_system = 6]
2026-09-10 16:53:26 DEBUG: Order 6 arrived: items_required = [310].     [orders_in_system = 7]
2026-09-10 16:53:26 DEBUG: Order 7 arrived: items_required = [262].     [orders_in_system = 8]
2026-09-10 16:53:26 DEBUG: Order 8 arrived: items_required = [330, 292].     [orders_in_system = 9]
2026-09-10 16:53:26 DEBUG: Order 9 arrived: items_required = [304].     [orders_in_system = 10]
2026-09-10 16:53:26 DEBUG: Order 10 arrived: items_required = [212].     [orders_in_system = 11]
2026-09-10 16:53:26 DEBUG: Order 11 arrived: items_required = [340, 137].     [orders_in_system = 12]
2026-09-10 16:53:26 DEBUG: Order 12 arrived: items_required = [274, 299].     [orders_in_system = 13]
2026-09-10 16:53:26 DEBUG: Order 13 arrived: items_required = [316, 246].     [orders_in_system = 14]
2026-09-10 16:53:26 DEBUG: Order 14 arrived: items_required = [232].     [orders_in_system = 15]
2026-09-10 16:53:26 DEBUG: Order 15 arrived: items_required = [333, 338].     [orders_in_system = 16]
2026-09-10 16:53:26 DEBUG: Order 16 arrived: items_required = [321, 200, 252].     [orders_in_system = 17]
2026-09-10 16:53:26 DEBUG: Order 17 arrived: items_required = [215, 250, 340, 252].     [orders_in_system = 18]
2026-09-10 16:53:26 DEBUG: Order 18 arrived: items_required = [251].     [orders_in_system = 19]
2026-09-10 16:53:26 DEBUG: Order 19 arrived: items_required = [62, 250, 137, 271, 171].     [orders_in_system = 20]
2026-09-10 16:53:26 DEBUG: Order 20 arrived: items_required = [170].     [orders_in_system = 21]
2026-09-10 16:53:26 DEBUG: Order 21 arrived: items_required = [304].     [orders_in_system = 22]
2026-09-10 16:53:26 DEBUG: Order 22 arrived: items_required = [313, 265].     [orders_in_system = 23]
2026-09-10 16:53:26 DEBUG: Order 23 arrived: items_required = [195, 228].     [orders_in_system = 24]
2026-09-10 16:53:26 DEBUG: Order 24 arrived: items_required = [203, 177].     [orders_in_system = 25]
2026-09-10 16:53:26 DEBUG: Order 25 arrived: items_required = [285, 214].     [orders_in_system = 26]
2026-09-10 16:53:26 DEBUG: Order 26 arrived: items_required = [98].     [orders_in_system = 27]
2026-09-10 16:53:26 DEBUG: Order 27 arrived: items_required = [136, 248].     [orders_in_system = 28]
2026-09-10 16:53:26 DEBUG: Order 28 arrived: items_required = [130, 221].     [orders_in_system = 29]
2026-09-10 16:53:26 DEBUG: Order 29 arrived: items_required = [300, 85].     [orders_in_system = 30]
2026-09-10 16:53:26 DEBUG: Order 30 arrived: items_required = [258].     [orders_in_system = 31]
2026-09-10 16:53:26 DEBUG: Order 31 arrived: items_required = [324, 237].     [orders_in_system = 32]
2026-09-10 16:53:26 DEBUG: Order 32 arrived: items_required = [295].     [orders_in_system = 33]
2026-09-10 16:53:26 DEBUG: Order 33 arrived: items_required = [194].     [orders_in_system = 34]
2026-09-10 16:53:26 DEBUG: Order 34 arrived: items_required = [247].     [orders_in_system = 35]
2026-09-10 16:53:26 DEBUG: Order 35 arrived: items_required = [302].     [orders_in_system = 36]
2026-09-10 16:53:26 DEBUG: Order 36 arrived: items_required = [229, 363].     [orders_in_system = 37]
2026-09-10 16:53:26 DEBUG: Order 37 arrived: items_required = [316, 133].     [orders_in_system = 38]
2026-09-10 16:53:26 DEBUG: Order 38 arrived: items_required = [274].     [orders_in_system = 39]
2026-09-10 16:53:26 DEBUG: Order 39 arrived: items_required = [212].     [orders_in_system = 40]
2026-09-10 16:53:26 DEBUG: Order 40 arrived: items_required = [274].     [orders_in_system = 41]
2026-09-10 16:53:26 DEBUG: Order 41 arrived: items_required = [154, 291].     [orders_in_system = 42]
2026-09-10 16:53:26 DEBUG: Order 42 arrived: items_required = [345, 182, 147, 129].     [orders_in_system = 43]
2026-09-10 16:53:26 DEBUG: Order 43 arrived: items_required = [236].     [orders_in_system = 44]
2026-09-10 16:53:26 DEBUG: Order 44 arrived: items_required = [328, 131].     [orders_in_system = 45]
2026-09-10 16:53:26 DEBUG: Order 45 arrived: items_required = [171, 307].     [orders_in_system = 46]
2026-09-10 16:53:26 DEBUG: Order 46 arrived: items_required = [269, 376, 233].     [orders_in_system = 47]
2026-09-10 16:53:26 DEBUG: Order 47 arrived: items_required = [201].     [orders_in_system = 48]
2026-09-10 16:53:26 DEBUG: Order 48 arrived: items_required = [259, 370].     [orders_in_system = 49]
2026-09-10 16:53:26 DEBUG: Order 49 arrived: items_required = [371].     [orders_in_system = 50]
2026-09-10 16:53:26 DEBUG:    EVENT NUM 2     current_time = 00:00:01   RUN_OPTIMIZER         [queue size = 1]
2026-09-10 16:53:26 INFO: Solving stage 1 ... 
2026-09-10 16:53:26 INFO: 
[lns_stage1] start | 50 orders, 50 pods, 3 workstations (50 free to move) | budget 30s
2026-09-10 16:53:26 INFO: [lns_stage1] initial objective 43.4000
2026-09-10 16:53:26 INFO: [lns_stage1] iter 2 | objective 40.5000 | improved by 2.9000 | hole 25 orders | 0s elapsed
2026-09-10 16:53:26 INFO: [lns_stage1] iter 3 | objective 37.8000 | improved by 2.7000 | hole 25 orders | 0s elapsed
2026-09-10 16:53:26 INFO: [lns_stage1] iter 4 | objective 36.7000 | improved by 1.1000 | hole 25 orders | 0s elapsed
2026-09-10 16:53:26 INFO: [lns_stage1] iter 5 | objective 36.6000 | improved by 0.1000 | hole 25 orders | 0s elapsed
2026-09-10 16:53:26 INFO: [lns_stage1] iter 9 | objective 36.5000 | improved by 0.1000 | hole 20 orders | 0s elapsed
2026-09-10 16:53:26 INFO: [lns_stage1] iter 11 | objective 36.0000 | improved by 0.5000 | hole 20 orders | 1s elapsed
2026-09-10 16:53:26 INFO: [lns_stage1] iter 19 | objective 35.8000 | improved by 0.2000 | hole 20 orders | 1s elapsed
2026-09-10 16:53:26 INFO: [lns_stage1] iter 23 | objective 35.5000 | improved by 0.3000 | hole 20 orders | 1s elapsed
2026-09-10 16:53:27 INFO: [lns_stage1] iter 31 | objective 35.4000 | improved by 0.1000 | hole 20 orders | 1s elapsed
2026-09-10 16:53:27 INFO: [lns_stage1] iter 37 | objective 33.9000 | improved by 1.5000 | hole 25 orders | 1s elapsed
2026-09-10 16:53:27 INFO: [lns_stage1] iter 66 | objective 33.8000 | improved by 0.1000 | hole 20 orders | 2s elapsed
2026-09-10 16:53:28 INFO: [lns_stage1] iter 104 | objective 33.5000 | improved by 0.3000 | hole 20 orders | 2s elapsed
2026-09-10 16:53:28 INFO: [lns_stage1] iter 121 | objective 32.7000 | improved by 0.8000 | hole 20 orders | 3s elapsed
2026-09-10 16:53:29 INFO: [lns_stage1] iter 172 | objective 30.9000 | improved by 1.8000 | hole 25 orders | 4s elapsed
2026-09-10 16:53:31 INFO: [lns_stage1] iter 244 | objective 30.8000 | improved by 0.1000 | hole 25 orders | 5s elapsed
2026-09-10 16:53:33 INFO: [lns_stage1] done | 7.6s, 412 iterations | final objective 30.8000 
2026-09-10 16:53:33 INFO: Stage 1 solved.
2026-09-10 16:53:33 INFO: Solving stage 2 ... 
2026-09-10 16:53:33 INFO: 
[lns_stage2] start | 85 item order pairs, 17 pods, 3 workstations, 50 time steps | budget 300s
2026-09-10 16:53:34 INFO: [lns_stage2] initial objective 49.0474
2026-09-10 16:53:35 INFO: [lns_stage2] iter 3 | objective 56.3956 | improved by 7.3482 | hole 9 pods | 2s elapsed
2026-09-10 16:53:36 INFO: [lns_stage2] iter 4 | objective 60.1997 | improved by 3.8041 | hole 9 pods | 3s elapsed
2026-09-10 16:53:38 INFO: [lns_stage2] iter 8 | objective 71.7995 | improved by 11.5998 | hole 6 pods | 5s elapsed
2026-09-10 16:53:39 INFO: [lns_stage2] iter 9 | objective 73.7719 | improved by 1.9724 | hole 6 pods | 6s elapsed
2026-09-10 16:53:40 INFO: [lns_stage2] iter 11 | objective 74.2090 | improved by 0.4371 | hole 6 pods | 7s elapsed
2026-09-10 16:53:41 INFO: [lns_stage2] iter 12 | objective 77.6026 | improved by 3.3936 | hole 6 pods | 8s elapsed
2026-09-10 16:53:41 INFO: [lns_stage2] iter 13 | objective 77.8172 | improved by 0.2146 | hole 6 pods | 8s elapsed
2026-09-10 16:53:42 INFO: [lns_stage2] iter 15 | objective 78.0827 | improved by 0.2655 | hole 6 pods | 9s elapsed
2026-09-10 16:53:44 INFO: [lns_stage2] iter 18 | objective 78.7082 | improved by 0.6255 | hole 6 pods | 10s elapsed
2026-09-10 16:53:44 INFO: [lns_stage2] iter 19 | objective 80.0117 | improved by 1.3035 | hole 6 pods | 11s elapsed
2026-09-10 16:53:45 INFO: [lns_stage2] iter 21 | objective 80.0598 | improved by 0.0481 | hole 6 pods | 12s elapsed
2026-09-10 16:53:47 INFO: [lns_stage2] iter 25 | objective 80.2542 | improved by 0.1944 | hole 6 pods | 14s elapsed
2026-09-10 16:53:51 INFO: [lns_stage2] iter 37 | objective 80.2643 | improved by 0.0101 | hole 7 pods | 18s elapsed
2026-09-10 16:53:52 INFO: [lns_stage2] iter 41 | objective 80.4632 | improved by 0.1989 | hole 4 pods | 19s elapsed
2026-09-10 16:53:54 INFO: [lns_stage2] iter 42 | objective 80.9585 | improved by 0.4953 | hole 7 pods | 20s elapsed
2026-09-10 16:53:58 INFO: [lns_stage2] iter 55 | objective 81.4430 | improved by 0.4845 | hole 5 pods | 25s elapsed
2026-09-10 16:53:58 INFO: [lns_stage2] iter 56 | objective 81.6421 | improved by 0.1991 | hole 5 pods | 25s elapsed
2026-09-10 16:54:02 INFO: [lns_stage2] iter 64 | objective 81.8412 | improved by 0.1991 | hole 7 pods | 28s elapsed
2026-09-10 16:54:30 INFO: [lns_stage2] iter 147 | objective 82.3926 | improved by 0.5514 | hole 8 pods | 57s elapsed
2026-09-10 16:54:32 INFO: [lns_stage2] iter 153 | objective 82.6152 | improved by 0.2226 | hole 7 pods | 59s elapsed
2026-09-10 16:55:11 INFO: [lns_stage2] iter 270 | objective 82.6634 | improved by 0.0482 | hole 4 pods | 98s elapsed
2026-09-10 16:55:18 INFO: [lns_stage2] iter 291 | objective 82.6756 | improved by 0.0122 | hole 6 pods | 105s elapsed
2026-09-10 16:55:30 INFO: [lns_stage2] iter 335 | objective 82.7298 | improved by 0.0542 | hole 6 pods | 117s elapsed
2026-09-10 16:56:29 INFO: [lns_stage2] done | 176.2s, 491 iterations | final objective 82.7298 
2026-09-10 16:56:29 INFO: Stage 2 solved.
2026-09-10 16:56:29 DEBUG: Order 11 will be opened at workstation 0. [opened orders = 0 / 4]
2026-09-10 16:56:29 DEBUG: Order 41 will be opened at workstation 0. [opened orders = 0 / 4]
2026-09-10 16:56:29 DEBUG: Order 49 will be opened at workstation 0. [opened orders = 0 / 4]
2026-09-10 16:56:29 DEBUG: Order 22 will be opened at workstation 0. [opened orders = 0 / 4]
2026-09-10 16:56:29 DEBUG: Order 47 queued at workstation 0. [order_queue len = 1]
2026-09-10 16:56:29 DEBUG: Order 3 queued at workstation 0. [order_queue len = 2]
2026-09-10 16:56:29 DEBUG: Order 15 queued at workstation 0. [order_queue len = 3]
2026-09-10 16:56:29 DEBUG: Order 16 queued at workstation 0. [order_queue len = 4]
2026-09-10 16:56:29 DEBUG: Order 18 queued at workstation 0. [order_queue len = 5]
2026-09-10 16:56:29 DEBUG: Order 1 queued at workstation 0. [order_queue len = 6]
2026-09-10 16:56:29 DEBUG: Order 20 queued at workstation 0. [order_queue len = 7]
2026-09-10 16:56:29 DEBUG: Order 35 queued at workstation 0. [order_queue len = 8]
2026-09-10 16:56:29 DEBUG: Order 43 queued at workstation 0. [order_queue len = 9]
2026-09-10 16:56:29 DEBUG: Order 17 queued at workstation 0. [order_queue len = 10]
2026-09-10 16:56:29 DEBUG: Order 8 queued at workstation 0. [order_queue len = 11]
2026-09-10 16:56:29 DEBUG: Order 23 queued at workstation 0. [order_queue len = 12]
2026-09-10 16:56:29 DEBUG: Order 31 will be opened at workstation 1. [opened orders = 0 / 4]
2026-09-10 16:56:29 DEBUG: Order 10 will be opened at workstation 1. [opened orders = 0 / 4]
2026-09-10 16:56:29 DEBUG: Order 33 will be opened at workstation 1. [opened orders = 0 / 4]
2026-09-10 16:56:29 DEBUG: Order 39 will be opened at workstation 1. [opened orders = 0 / 4]
2026-09-10 16:56:29 DEBUG: Order 4 queued at workstation 1. [order_queue len = 1]
2026-09-10 16:56:29 DEBUG: Order 34 queued at workstation 1. [order_queue len = 2]
2026-09-10 16:56:29 DEBUG: Order 45 queued at workstation 1. [order_queue len = 3]
2026-09-10 16:56:29 DEBUG: Order 44 queued at workstation 1. [order_queue len = 4]
2026-09-10 16:56:29 DEBUG: Order 6 queued at workstation 1. [order_queue len = 5]
2026-09-10 16:56:29 DEBUG: Order 25 queued at workstation 1. [order_queue len = 6]
2026-09-10 16:56:29 DEBUG: Order 29 queued at workstation 1. [order_queue len = 7]
2026-09-10 16:56:29 DEBUG: Order 0 queued at workstation 1. [order_queue len = 8]
2026-09-10 16:56:29 DEBUG: Order 48 queued at workstation 1. [order_queue len = 9]
2026-09-10 16:56:29 DEBUG: Order 46 queued at workstation 1. [order_queue len = 10]
2026-09-10 16:56:29 DEBUG: Order 7 queued at workstation 1. [order_queue len = 11]
2026-09-10 16:56:29 DEBUG: Order 32 queued at workstation 1. [order_queue len = 12]
2026-09-10 16:56:29 DEBUG: Order 19 queued at workstation 1. [order_queue len = 13]
2026-09-10 16:56:29 DEBUG: Order 42 queued at workstation 1. [order_queue len = 14]
2026-09-10 16:56:29 DEBUG: Order 14 will be opened at workstation 2. [opened orders = 0 / 4]
2026-09-10 16:56:29 DEBUG: Order 28 will be opened at workstation 2. [opened orders = 0 / 4]
2026-09-10 16:56:29 DEBUG: Order 9 will be opened at workstation 2. [opened orders = 0 / 4]
2026-09-10 16:56:29 DEBUG: Order 26 will be opened at workstation 2. [opened orders = 0 / 4]
2026-09-10 16:56:29 DEBUG: Order 37 queued at workstation 2. [order_queue len = 1]
2026-09-10 16:56:29 DEBUG: Order 2 queued at workstation 2. [order_queue len = 2]
2026-09-10 16:56:29 DEBUG: Order 30 queued at workstation 2. [order_queue len = 3]
2026-09-10 16:56:29 DEBUG: Order 38 queued at workstation 2. [order_queue len = 4]
2026-09-10 16:56:29 DEBUG: Order 40 queued at workstation 2. [order_queue len = 5]
2026-09-10 16:56:29 DEBUG: Order 12 queued at workstation 2. [order_queue len = 6]
2026-09-10 16:56:29 DEBUG: Order 13 queued at workstation 2. [order_queue len = 7]
2026-09-10 16:56:29 DEBUG: Order 21 queued at workstation 2. [order_queue len = 8]
2026-09-10 16:56:29 DEBUG: Order 5 queued at workstation 2. [order_queue len = 9]
2026-09-10 16:56:29 DEBUG: Order 36 queued at workstation 2. [order_queue len = 10]
2026-09-10 16:56:29 DEBUG: Order 24 queued at workstation 2. [order_queue len = 11]
2026-09-10 16:56:29 DEBUG: Order 27 queued at workstation 2. [order_queue len = 12]
2026-09-10 16:56:29 WARNING: Task designing ended. Optimizer designed 31 tasks.
2026-09-10 16:56:29 DEBUG:    EVENT NUM 3     current_time = 00:00:01   RELEASE_TASK          [queue size = 44]
2026-09-10 16:56:29 DEBUG: Task 0 released: pod 27 required by workstation(s) [1].  [released tasks = 1]
2026-09-10 16:56:29 DEBUG:    EVENT NUM 4     current_time = 00:00:01   OPEN_ORDER            [queue size = 44]
2026-09-10 16:56:29 DEBUG: Order 11 (skus required = {137, 340}) opened at workstation 0.   [open_orders = 1/4]
2026-09-10 16:56:29 DEBUG:    EVENT NUM 5     current_time = 00:00:01   OPEN_ORDER            [queue size = 44]
2026-09-10 16:56:29 DEBUG: Order 41 (skus required = {154, 291}) opened at workstation 0.   [open_orders = 2/4]
2026-09-10 16:56:29 DEBUG:    EVENT NUM 6     current_time = 00:00:01   OPEN_ORDER            [queue size = 44]
2026-09-10 16:56:29 DEBUG: Order 49 (skus required = {371}) opened at workstation 0.   [open_orders = 3/4]
2026-09-10 16:56:29 DEBUG:    EVENT NUM 7     current_time = 00:00:01   OPEN_ORDER            [queue size = 44]
2026-09-10 16:56:29 DEBUG: Order 22 (skus required = {313, 265}) opened at workstation 0.   [open_orders = 4/4]
2026-09-10 16:56:29 DEBUG:    EVENT NUM 8     current_time = 00:00:01   OPEN_ORDER            [queue size = 44]
2026-09-10 16:56:29 DEBUG: Order 31 (skus required = {324, 237}) opened at workstation 1.   [open_orders = 1/4]
2026-09-10 16:56:29 DEBUG:    EVENT NUM 9     current_time = 00:00:01   OPEN_ORDER            [queue size = 44]
2026-09-10 16:56:29 DEBUG: Order 10 (skus required = {212}) opened at workstation 1.   [open_orders = 2/4]
2026-09-10 16:56:29 DEBUG:    EVENT NUM 10    current_time = 00:00:01   OPEN_ORDER            [queue size = 44]
2026-09-10 16:56:29 DEBUG: Order 33 (skus required = {194}) opened at workstation 1.   [open_orders = 3/4]
2026-09-10 16:56:29 DEBUG:    EVENT NUM 11    current_time = 00:00:01   OPEN_ORDER            [queue size = 44]
2026-09-10 16:56:29 DEBUG: Order 39 (skus required = {212}) opened at workstation 1.   [open_orders = 4/4]
2026-09-10 16:56:29 DEBUG:    EVENT NUM 12    current_time = 00:00:01   OPEN_ORDER            [queue size = 44]
2026-09-10 16:56:29 DEBUG: Order 14 (skus required = {232}) opened at workstation 2.   [open_orders = 1/4]
2026-09-10 16:56:29 DEBUG:    EVENT NUM 13    current_time = 00:00:01   OPEN_ORDER            [queue size = 44]
2026-09-10 16:56:29 DEBUG: Order 28 (skus required = {130, 221}) opened at workstation 2.   [open_orders = 2/4]
2026-09-10 16:56:29 DEBUG:    EVENT NUM 14    current_time = 00:00:01   OPEN_ORDER            [queue size = 44]
2026-09-10 16:56:29 DEBUG: Order 9 (skus required = {304}) opened at workstation 2.   [open_orders = 3/4]
2026-09-10 16:56:29 DEBUG:    EVENT NUM 15    current_time = 00:00:01   OPEN_ORDER            [queue size = 44]
2026-09-10 16:56:29 DEBUG: Order 26 (skus required = {98}) opened at workstation 2.   [open_orders = 4/4]
2026-09-10 16:56:29 DEBUG:    EVENT NUM 16    current_time = 00:00:01   START_TASK            [queue size = 44]
2026-09-10 16:56:29 DEBUG: Task 0 selected (pod 27) at depth 0 (0 non-servable, 0 pod-busy skipped before it)
2026-09-10 16:56:29 DEBUG: Task 0 started: robot 2 -> pod 27 -> workstation 1 for orders {32, 7, 25, 44, 29, 46, 31} (arrival = 28.4 s).   [idle robots = 4/5]
2026-09-10 16:56:29 DEBUG:    EVENT NUM 17    current_time = 00:00:01   START_TASK            [queue size = 44]
2026-09-10 16:56:29 DEBUG: No released tasks.
2026-09-10 16:56:29 DEBUG:    EVENT NUM 18    current_time = 00:00:01   START_TASK            [queue size = 43]
2026-09-10 16:56:29 DEBUG: No released tasks.
2026-09-10 16:56:29 DEBUG:    EVENT NUM 19    current_time = 00:00:01   START_TASK            [queue size = 42]
2026-09-10 16:56:29 DEBUG: No released tasks.
2026-09-10 16:56:29 DEBUG:    EVENT NUM 20    current_time = 00:00:01   START_TASK            [queue size = 41]
2026-09-10 16:56:29 DEBUG: No released tasks.
2026-09-10 16:56:29 DEBUG:    EVENT NUM 21    current_time = 00:00:01   START_TASK            [queue size = 40]
2026-09-10 16:56:29 DEBUG: No released tasks.
2026-09-10 16:56:29 DEBUG:    EVENT NUM 22    current_time = 00:00:01   START_TASK            [queue size = 39]
2026-09-10 16:56:29 DEBUG: No released tasks.
2026-09-10 16:56:29 DEBUG:    EVENT NUM 23    current_time = 00:00:01   START_TASK            [queue size = 38]
2026-09-10 16:56:29 DEBUG: No released tasks.
2026-09-10 16:56:29 DEBUG:    EVENT NUM 24    current_time = 00:00:01   START_TASK            [queue size = 37]
2026-09-10 16:56:29 DEBUG: No released tasks.
2026-09-10 16:56:29 DEBUG:    EVENT NUM 25    current_time = 00:00:01   START_TASK            [queue size = 36]
2026-09-10 16:56:29 DEBUG: No released tasks.
2026-09-10 16:56:29 DEBUG:    EVENT NUM 26    current_time = 00:00:01   START_TASK            [queue size = 35]
2026-09-10 16:56:29 DEBUG: No released tasks.
2026-09-10 16:56:29 DEBUG:    EVENT NUM 27    current_time = 00:00:01   START_TASK            [queue size = 34]
2026-09-10 16:56:29 DEBUG: No released tasks.
2026-09-10 16:56:29 DEBUG:    EVENT NUM 28    current_time = 00:00:01   START_TASK            [queue size = 33]
2026-09-10 16:56:29 DEBUG: No released tasks.
2026-09-10 16:56:29 INFO:   END SIMULATION.

2026-09-10 16:56:29 INFO: Writing statistics report ...
2026-09-10 16:56:29 INFO: Report saved to: c:\Users\chiod\Documents\OMERO_TaskDesign\Simulator\output\reports\heuristic\Opt_True\report_0_OptTrue_Seed300871.txt
